Archive member included to satisfy reference by file (symbol)

../Middlewares/ST/AI/Lib\NetworkRuntime1020_CM4_GCC.a(ai_platform.o)
                              ./X-CUBE-AI/App/machine_failures.o (ai_buffer_array_item_set_address)
../Middlewares/ST/AI/Lib\NetworkRuntime1020_CM4_GCC.a(ai_platform_interface.o)
                              ./X-CUBE-AI/App/machine_failures.o (ai_platform_get_weights_map)
../Middlewares/ST/AI/Lib\NetworkRuntime1020_CM4_GCC.a(core_common.o)
                              ../Middlewares/ST/AI/Lib\NetworkRuntime1020_CM4_GCC.a(ai_platform_interface.o) (core_init)
../Middlewares/ST/AI/Lib\NetworkRuntime1020_CM4_GCC.a(core_mem_manager.o)
                              ../Middlewares/ST/AI/Lib\NetworkRuntime1020_CM4_GCC.a(ai_platform_interface.o) (core_mem_alloc)
../Middlewares/ST/AI/Lib\NetworkRuntime1020_CM4_GCC.a(layers.o)
                              ../Middlewares/ST/AI/Lib\NetworkRuntime1020_CM4_GCC.a(ai_platform_interface.o) (ai_check_custom_types)
../Middlewares/ST/AI/Lib\NetworkRuntime1020_CM4_GCC.a(layers_conv2d_generic_float.o)
                              ./X-CUBE-AI/App/machine_failures.o (forward_dense)
../Middlewares/ST/AI/Lib\NetworkRuntime1020_CM4_GCC.a(layers_nl_generic_float.o)
                              ./X-CUBE-AI/App/machine_failures.o (forward_relu)
../Middlewares/ST/AI/Lib\NetworkRuntime1020_CM4_GCC.a(layers_conv2d_integer_scratch.o)
                              ../Middlewares/ST/AI/Lib\NetworkRuntime1020_CM4_GCC.a(layers.o) (get_dense_scratch_size_s8)
../Middlewares/ST/AI/Lib\NetworkRuntime1020_CM4_GCC.a(forward_lite_conv2d_if32of32wf32.o)
                              ../Middlewares/ST/AI/Lib\NetworkRuntime1020_CM4_GCC.a(layers_conv2d_generic_float.o) (forward_lite_conv2d_if32of32wf32)
../Middlewares/ST/AI/Lib\NetworkRuntime1020_CM4_GCC.a(lite_nl_softmax_if32of32.o)
                              ../Middlewares/ST/AI/Lib\NetworkRuntime1020_CM4_GCC.a(layers_nl_generic_float.o) (forward_lite_nl_softmax_if32of32_kernel)
../Middlewares/ST/AI/Lib\NetworkRuntime1020_CM4_GCC.a(lite_nl_relu_if32of32.o)
                              ../Middlewares/ST/AI/Lib\NetworkRuntime1020_CM4_GCC.a(layers_nl_generic_float.o) (forward_lite_nl_prelu_if32of32_kernel)
../Middlewares/ST/AI/Lib\NetworkRuntime1020_CM4_GCC.a(lite_dense_if32.o)
                              ../Middlewares/ST/AI/Lib\NetworkRuntime1020_CM4_GCC.a(layers_conv2d_generic_float.o) (lite_decompress_ilutof32)
../Middlewares/ST/AI/Lib\NetworkRuntime1020_CM4_GCC.a(lite_nl_generic_float.o)
                              ../Middlewares/ST/AI/Lib\NetworkRuntime1020_CM4_GCC.a(layers_nl_generic_float.o) (forward_lite_nl_softmax_if32of32)
../Middlewares/ST/AI/Lib\NetworkRuntime1020_CM4_GCC.a(st_int8_fill.o)
                              ../Middlewares/ST/AI/Lib\NetworkRuntime1020_CM4_GCC.a(ai_platform_interface.o) (st_int8_copy)
../Middlewares/ST/AI/Lib\NetworkRuntime1020_CM4_GCC.a(ai_math_helpers.o)
                              ../Middlewares/ST/AI/Lib\NetworkRuntime1020_CM4_GCC.a(layers_nl_generic_float.o) (ai_math_sqrt)
../Middlewares/ST/AI/Lib\NetworkRuntime1020_CM4_GCC.a(ai_datatypes_format.o)
                              ../Middlewares/ST/AI/Lib\NetworkRuntime1020_CM4_GCC.a(ai_platform_interface.o) (ai_array_to_buffer_fmt)
../Middlewares/ST/AI/Lib\NetworkRuntime1020_CM4_GCC.a(ai_datatypes_internal.o)
                              ../Middlewares/ST/AI/Lib\NetworkRuntime1020_CM4_GCC.a(ai_platform_interface.o) (ai_version_get)
../Middlewares/ST/AI/Lib\NetworkRuntime1020_CM4_GCC.a(ai_math_elementwise_mul_int8.o)
                              ../Middlewares/ST/AI/Lib\NetworkRuntime1020_CM4_GCC.a(ai_math_helpers.o) (ai_math_elementwise_mul_int8)
../Middlewares/ST/AI/Lib\NetworkRuntime1020_CM4_GCC.a(ai_math_elementwise_sum_int8.o)
                              ../Middlewares/ST/AI/Lib\NetworkRuntime1020_CM4_GCC.a(ai_math_helpers.o) (ai_math_elementwise_sum_int8)
../Middlewares/ST/AI/Lib\NetworkRuntime1020_CM4_GCC.a(st_align_factor.o)
                              ../Middlewares/ST/AI/Lib\NetworkRuntime1020_CM4_GCC.a(ai_math_helpers.o) (align_factor)
C:/ST/STM32CubeIDE_1.16.0/STM32CubeIDE/plugins/com.st.stm32cube.ide.mcu.externaltools.gnu-tools-for-stm32.12.3.rel1.win32_1.0.200.202406191623/tools/bin/../lib/gcc/arm-none-eabi/12.3.1/../../../../arm-none-eabi/lib/thumb/v7e-m+fp/hard\libc_nano.a(libc_a-exit.o)
                              C:/ST/STM32CubeIDE_1.16.0/STM32CubeIDE/plugins/com.st.stm32cube.ide.mcu.externaltools.gnu-tools-for-stm32.12.3.rel1.win32_1.0.200.202406191623/tools/bin/../lib/gcc/arm-none-eabi/12.3.1/../../../../arm-none-eabi/lib/thumb/v7e-m+fp/hard/crt0.o (exit)
C:/ST/STM32CubeIDE_1.16.0/STM32CubeIDE/plugins/com.st.stm32cube.ide.mcu.externaltools.gnu-tools-for-stm32.12.3.rel1.win32_1.0.200.202406191623/tools/bin/../lib/gcc/arm-none-eabi/12.3.1/../../../../arm-none-eabi/lib/thumb/v7e-m+fp/hard\libc_nano.a(libc_a-malloc.o)
[...]
Memory Configuration

Name             Origin             Length             Attributes
RAM              0x20000000         0x000a0000         xrw
RAM2             0x10000000         0x00010000         xrw
RAM3             0x20040000         0x00060000         xrw
FLASH            0x08000000         0x00200000         xr
*default*        0x00000000         0xffffffff

Linker script and memory map

LOAD C:/ST/STM32CubeIDE_1.16.0/STM32CubeIDE/plugins/com.st.stm32cube.ide.mcu.externaltools.gnu-tools-for-stm32.12.3.rel1.win32_1.0.200.202406191623/tools/bin/../lib/gcc/arm-none-eabi/12.3.1/thumb/v7e-m+fp/hard/crti.o
LOAD C:/ST/STM32CubeIDE_1.16.0/STM32CubeIDE/plugins/com.st.stm32cube.ide.mcu.externaltools.gnu-tools-for-stm32.12.3.rel1.win32_1.0.200.202406191623/tools/bin/../lib/gcc/arm-none-eabi/12.3.1/thumb/v7e-m+fp/hard/crtbegin.o
LOAD C:/ST/STM32CubeIDE_1.16.0/STM32CubeIDE/plugins/com.st.stm32cube.ide.mcu.externaltools.gnu-tools-for-stm32.12.3.rel1.win32_1.0.200.202406191623/tools/bin/../lib/gcc/arm-none-eabi/12.3.1/../../../../arm-none-eabi/lib/thumb/v7e-m+fp/hard/crt0.o
LOAD ./Core/Src/main.o
LOAD ./Core/Src/stm32l4xx_hal_msp.o
LOAD ./Core/Src/stm32l4xx_it.o
LOAD ./Core/Src/sysmem.o
LOAD ./Core/Src/system_stm32l4xx.o
LOAD ./Core/Startup/startup_stm32l4r9aiix.o
LOAD ./Drivers/STM32L4xx_HAL_Driver/Src/stm32l4xx_hal.o
LOAD ./Drivers/STM32L4xx_HAL_Driver/Src/stm32l4xx_hal_cortex.o
LOAD ./Drivers/STM32L4xx_HAL_Driver/Src/stm32l4xx_hal_dma.o
LOAD ./Drivers/STM32L4xx_HAL_Driver/Src/stm32l4xx_hal_dma_ex.o
LOAD ./Drivers/STM32L4xx_HAL_Driver/Src/stm32l4xx_hal_exti.o
LOAD ./Drivers/STM32L4xx_HAL_Driver/Src/stm32l4xx_hal_flash.o
LOAD ./Drivers/STM32L4xx_HAL_Driver/Src/stm32l4xx_hal_flash_ex.o
LOAD ./Drivers/STM32L4xx_HAL_Driver/Src/stm32l4xx_hal_flash_ramfunc.o
LOAD ./Drivers/STM32L4xx_HAL_Driver/Src/stm32l4xx_hal_gpio.o
LOAD ./Drivers/STM32L4xx_HAL_Driver/Src/stm32l4xx_hal_i2c.o
LOAD ./Drivers/STM32L4xx_HAL_Driver/Src/stm32l4xx_hal_i2c_ex.o
LOAD ./Drivers/STM32L4xx_HAL_Driver/Src/stm32l4xx_hal_pcd.o
LOAD ./Drivers/STM32L4xx_HAL_Driver/Src/stm32l4xx_hal_pcd_ex.o
LOAD ./Drivers/STM32L4xx_HAL_Driver/Src/stm32l4xx_hal_pwr.o
LOAD ./Drivers/STM32L4xx_HAL_Driver/Src/stm32l4xx_hal_pwr_ex.o
LOAD ./Drivers/STM32L4xx_HAL_Driver/Src/stm32l4xx_hal_rcc.o
LOAD ./Drivers/STM32L4xx_HAL_Driver/Src/stm32l4xx_hal_rcc_ex.o
LOAD ./Drivers/STM32L4xx_HAL_Driver/Src/stm32l4xx_hal_sai.o
LOAD ./Drivers/STM32L4xx_HAL_Driver/Src/stm32l4xx_hal_sai_ex.o
LOAD ./Drivers/STM32L4xx_HAL_Driver/Src/stm32l4xx_hal_spi.o
LOAD ./Drivers/STM32L4xx_HAL_Driver/Src/stm32l4xx_hal_spi_ex.o
LOAD ./Drivers/STM32L4xx_HAL_Driver/Src/stm32l4xx_hal_sram.o
LOAD ./Drivers/STM32L4xx_HAL_Driver/Src/stm32l4xx_hal_tim.o
LOAD ./Drivers/STM32L4xx_HAL_Driver/Src/stm32l4xx_hal_tim_ex.o
LOAD ./Drivers/STM32L4xx_HAL_Driver/Src/stm32l4xx_hal_uart.o
LOAD ./Drivers/STM32L4xx_HAL_Driver/Src/stm32l4xx_hal_uart_ex.o
LOAD ./Drivers/STM32L4xx_HAL_Driver/Src/stm32l4xx_ll_fmc.o
LOAD ./Drivers/STM32L4xx_HAL_Driver/Src/stm32l4xx_ll_usb.o
LOAD ./X-CUBE-AI/App/app_x-cube-ai.o
LOAD ./X-CUBE-AI/App/machine_failures.o
LOAD ./X-CUBE-AI/App/machine_failures_data.o
LOAD ./X-CUBE-AI/App/machine_failures_data_params.o
LOAD ../Middlewares/ST/AI/Lib\NetworkRuntime1020_CM4_GCC.a
START GROUP
LOAD C:/ST/STM32CubeIDE_1.16.0/STM32CubeIDE/plugins/com.st.stm32cube.ide.mcu.externaltools.gnu-tools-for-stm32.12.3.rel1.win32_1.0.200.202406191623/tools/bin/../lib/gcc/arm-none-eabi/12.3.1/../../../../arm-none-eabi/lib/thumb/v7e-m+fp/hard\libc_nano.a
LOAD C:/ST/STM32CubeIDE_1.16.0/STM32CubeIDE/plugins/com.st.stm32cube.ide.mcu.externaltools.gnu-tools-for-stm32.12.3.rel1.win32_1.0.200.202406191623/tools/bin/../lib/gcc/arm-none-eabi/12.3.1/../../../../arm-none-eabi/lib/thumb/v7e-m+fp/hard\libm.a
END GROUP
START GROUP
LOAD C:/ST/STM32CubeIDE_1.16.0/STM32CubeIDE/plugins/com.st.stm32cube.ide.mcu.externaltools.gnu-tools-for-stm32.12.3.rel1.win32_1.0.200.202406191623/tools/bin/../lib/gcc/arm-none-eabi/12.3.1/thumb/v7e-m+fp/hard\libgcc.a
LOAD C:/ST/STM32CubeIDE_1.16.0/STM32CubeIDE/plugins/com.st.stm32cube.ide.mcu.externaltools.gnu-tools-for-stm32.12.3.rel1.win32_1.0.200.202406191623/tools/bin/../lib/gcc/arm-none-eabi/12.3.1/../../../../arm-none-eabi/lib/thumb/v7e-m+fp/hard\libc_nano.a
END GROUP
START GROUP
LOAD C:/ST/STM32CubeIDE_1.16.0/STM32CubeIDE/plugins/com.st.stm32cube.ide.mcu.externaltools.gnu-tools-for-stm32.12.3.rel1.win32_1.0.200.202406191623/tools/bin/../lib/gcc/arm-none-eabi/12.3.1/thumb/v7e-m+fp/hard\libgcc.a
LOAD C:/ST/STM32CubeIDE_1.16.0/STM32CubeIDE/plugins/com.st.stm32cube.ide.mcu.externaltools.gnu-tools-for-stm32.12.3.rel1.win32_1.0.200.202406191623/tools/bin/../lib/gcc/arm-none-eabi/12.3.1/../../../../arm-none-eabi/lib/thumb/v7e-m+fp/hard\libc_nano.a
LOAD C:/ST/STM32CubeIDE_1.16.0/STM32CubeIDE/plugins/com.st.stm32cube.ide.mcu.externaltools.gnu-tools-for-stm32.12.3.rel1.win32_1.0.200.202406191623/tools/bin/../lib/gcc/arm-none-eabi/12.3.1/../../../../arm-none-eabi/lib/thumb/v7e-m+fp/hard\libnosys.a
END GROUP
START GROUP
LOAD C:/ST/STM32CubeIDE_1.16.0/STM32CubeIDE/plugins/com.st.stm32cube.ide.mcu.externaltools.gnu-tools-for-stm32.12.3.rel1.win32_1.0.200.202406191623/tools/bin/../lib/gcc/arm-none-eabi/12.3.1/thumb/v7e-m+fp/hard\libgcc.a
LOAD C:/ST/STM32CubeIDE_1.16.0/STM32CubeIDE/plugins/com.st.stm32cube.ide.mcu.externaltools.gnu-tools-for-stm32.12.3.rel1.win32_1.0.200.202406191623/tools/bin/../lib/gcc/arm-none-eabi/12.3.1/../../../../arm-none-eabi/lib/thumb/v7e-m+fp/hard\libc_nano.a
LOAD C:/ST/STM32CubeIDE_1.16.0/STM32CubeIDE/plugins/com.st.stm32cube.ide.mcu.externaltools.gnu-tools-for-stm32.12.3.rel1.win32_1.0.200.202406191623/tools/bin/../lib/gcc/arm-none-eabi/12.3.1/../../../../arm-none-eabi/lib/thumb/v7e-m+fp/hard\libnosys.a
END GROUP
LOAD C:/ST/STM32CubeIDE_1.16.0/STM32CubeIDE/plugins/com.st.stm32cube.ide.mcu.externaltools.gnu-tools-for-stm32.12.3.rel1.win32_1.0.200.202406191623/tools/bin/../lib/gcc/arm-none-eabi/12.3.1/thumb/v7e-m+fp/hard/crtend.o
LOAD C:/ST/STM32CubeIDE_1.16.0/STM32CubeIDE/plugins/com.st.stm32cube.ide.mcu.externaltools.gnu-tools-for-stm32.12.3.rel1.win32_1.0.200.202406191623/tools/bin/../lib/gcc/arm-none-eabi/12.3.1/thumb/v7e-m+fp/hard/crtn.o
                0x200a0000                        _estack = (ORIGIN (RAM) + LENGTH (RAM))
                0x00000800                        _Min_Heap_Size = 0x800
                0x00000800                        _Min_Stack_Size = 0x800

.isr_vector     0x08000000      0x1bc
                0x08000000                        . = ALIGN (0x4)
 *(.isr_vector)
 .isr_vector    0x08000000      0x1bc ./Core/Startup/startup_stm32l4r9aiix.o
                0x08000000                g_pfnVectors
                0x080001bc                        . = ALIGN (0x4)

.text           0x080001c0     0x9ef4
                0x080001c0                        . = ALIGN (0x4)
 *(.text)
 .text          0x080001c0       0x40 C:/ST/STM32CubeIDE_1.16.0/STM32CubeIDE/plugins/com.st.stm32cube.ide.mcu.externaltools.gnu-tools-for-stm32.12.3.rel1.win32_1.0.200.202406191623/tools/bin/../lib/gcc/arm-none-eabi/12.3.1/thumb/v7e-m+fp/hard/crtbegin.o
 .text          0x08000200       0xa0 C:/ST/STM32CubeIDE_1.16.0/STM32CubeIDE/plugins/com.st.stm32cube.ide.mcu.externaltools.gnu-tools-for-stm32.12.3.rel1.win32_1.0.200.202406191623/tools/bin/../lib/gcc/arm-none-eabi/12.3.1/../../../../arm-none-eabi/lib/thumb/v7e-m+fp/hard\libc_nano.a(libc_a-memchr.o)
                0x08000200                memchr
 .text          0x080002a0       0x30 C:/ST/STM32CubeIDE_1.16.0/STM32CubeIDE/plugins/com.st.stm32cube.ide.mcu.externaltools.gnu-tools-for-stm32.12.3.rel1.win32_1.0.200.202406191623/tools/bin/../lib/gcc/arm-none-eabi/12.3.1/thumb/v7e-m+fp/hard\libgcc.a(_aeabi_uldivmod.o)
                0x080002a0                __aeabi_uldivmod
 .text          0x080002d0      0x2bc C:/ST/STM32CubeIDE_1.16.0/STM32CubeIDE/plugins/com.st.stm32cube.ide.mcu.externaltools.gnu-tools-for-stm32.12.3.rel1.win32_1.0.200.202406191623/tools/bin/../lib/gcc/arm-none-eabi/12.3.1/thumb/v7e-m+fp/hard\libgcc.a(_udivmoddi4.o)
                0x080002d0                __udivmoddi4
 .text          0x0800058c        0x4 C:/ST/STM32CubeIDE_1.16.0/STM32CubeIDE/plugins/com.st.stm32cube.ide.mcu.externaltools.gnu-tools-for-stm32.12.3.rel1.win32_1.0.200.202406191623/tools/bin/../lib/gcc/arm-none-eabi/12.3.1/thumb/v7e-m+fp/hard\libgcc.a(_dvmd_tls.o)
                0x0800058c                __aeabi_idiv0
                0x0800058c                __aeabi_ldiv0
 *(.text*)
 .text.main     0x08000590       0x36 ./Core/Src/main.o
                0x08000590                main
 .text.SystemClock_Config
                0x080005c6       0xa6 ./Core/Src/main.o
                0x080005c6                SystemClock_Config
 .text.MX_I2C1_Init
                0x0800066c       0x80 ./Core/Src/main.o
 .text.MX_SAI1_Init
                0x080006ec       0xd0 ./Core/Src/main.o
 .text.MX_SPI2_Init
                0x080007bc       0x7c ./Core/Src/main.o
 .text.MX_USART2_UART_Init
                0x08000838       0x98 ./Core/Src/main.o
 .text.MX_USART3_UART_Init
                0x080008d0       0x98 ./Core/Src/main.o
 .text.MX_USB_OTG_FS_PCD_Init
                0x08000968       0x5c ./Core/Src/main.o
 .text.MX_FMC_Init
                0x080009c4       0xcc ./Core/Src/main.o
 .text.MX_GPIO_Init
                0x08000a90      0x480 ./Core/Src/main.o
 .text.Error_Handler
                0x08000f10        0xc ./Core/Src/main.o
                0x08000f10                Error_Handler
 .text.HAL_MspInit
                0x08000f1c       0x48 ./Core/Src/stm32l4xx_hal_msp.o
                0x08000f1c                HAL_MspInit
 .text.HAL_I2C_MspInit
                0x08000f64      0x108 ./Core/Src/stm32l4xx_hal_msp.o
                0x08000f64                HAL_I2C_MspInit
 .text.HAL_SPI_MspInit
                0x0800106c       0xc4 ./Core/Src/stm32l4xx_hal_msp.o
                0x0800106c                HAL_SPI_MspInit
 .text.HAL_UART_MspInit
                0x08001130      0x18c ./Core/Src/stm32l4xx_hal_msp.o
                0x08001130                HAL_UART_MspInit
 .text.HAL_PCD_MspInit
                0x080012bc      0x118 ./Core/Src/stm32l4xx_hal_msp.o
                0x080012bc                HAL_PCD_MspInit
 .text.HAL_FMC_MspInit
                0x080013d4       0xfc ./Core/Src/stm32l4xx_hal_msp.o
 .text.HAL_SRAM_MspInit
                0x080014d0       0x14 ./Core/Src/stm32l4xx_hal_msp.o
                0x080014d0                HAL_SRAM_MspInit
 .text.HAL_SAI_MspInit
                0x080014e4       0xf8 ./Core/Src/stm32l4xx_hal_msp.o
                0x080014e4                HAL_SAI_MspInit
 .text.NMI_Handler
                0x080015dc        0x8 ./Core/Src/stm32l4xx_it.o
                0x080015dc                NMI_Handler
 .text.HardFault_Handler
                0x080015e4        0x8 ./Core/Src/stm32l4xx_it.o
                0x080015e4                HardFault_Handler
 .text.MemManage_Handler
                0x080015ec        0x8 ./Core/Src/stm32l4xx_it.o
                0x080015ec                MemManage_Handler
 .text.BusFault_Handler
                0x080015f4        0x8 ./Core/Src/stm32l4xx_it.o
                0x080015f4                BusFault_Handler
 .text.UsageFault_Handler
                0x080015fc        0x8 ./Core/Src/stm32l4xx_it.o
                0x080015fc                UsageFault_Handler
 .text.SVC_Handler
                0x08001604        0xe ./Core/Src/stm32l4xx_it.o
                0x08001604                SVC_Handler
 .text.DebugMon_Handler
                0x08001612        0xe ./Core/Src/stm32l4xx_it.o
                0x08001612                DebugMon_Handler
 .text.PendSV_Handler
                0x08001620        0xe ./Core/Src/stm32l4xx_it.o
                0x08001620                PendSV_Handler
 .text.SysTick_Handler
                0x0800162e        0xc ./Core/Src/stm32l4xx_it.o
                0x0800162e                SysTick_Handler
 *fill*         0x0800163a        0x2 
 .text._sbrk    0x0800163c       0x6c ./Core/Src/sysmem.o
                0x0800163c                _sbrk
 .text.SystemInit
                0x080016a8       0x24 ./Core/Src/system_stm32l4xx.o
                0x080016a8                SystemInit
 .text.Reset_Handler
                0x080016cc       0x50 ./Core/Startup/startup_stm32l4r9aiix.o
                0x080016cc                Reset_Handler
 .text.Default_Handler
                0x0800171c        0x2 ./Core/Startup/startup_stm32l4r9aiix.o
                0x0800171c                RTC_Alarm_IRQHandler
                0x0800171c                EXTI2_IRQHandler
                0x0800171c                TIM8_TRG_COM_IRQHandler
                0x0800171c                TIM8_CC_IRQHandler
                0x0800171c                TIM1_CC_IRQHandler
                0x0800171c                TSC_IRQHandler
                0x0800171c                TAMP_STAMP_IRQHandler
                0x0800171c                EXTI3_IRQHandler
                0x0800171c                LPTIM2_IRQHandler
                0x0800171c                DFSDM1_FLT1_IRQHandler
                0x0800171c                GFXMMU_IRQHandler
                0x0800171c                I2C3_ER_IRQHandler
                0x0800171c                DFSDM1_FLT2_IRQHandler
                0x0800171c                EXTI0_IRQHandler
                0x0800171c                I2C2_EV_IRQHandler
                0x0800171c                CAN1_RX0_IRQHandler
                0x0800171c                FPU_IRQHandler
                0x0800171c                TIM1_UP_TIM16_IRQHandler
                0x0800171c                LTDC_ER_IRQHandler
                0x0800171c                SPI1_IRQHandler
                0x0800171c                OCTOSPI1_IRQHandler
                0x0800171c                TIM6_DAC_IRQHandler
                0x0800171c                DCMI_IRQHandler
                0x0800171c                TIM8_UP_IRQHandler
                0x0800171c                OCTOSPI2_IRQHandler
                0x0800171c                DMA2_Channel2_IRQHandler
                0x0800171c                DMA1_Channel4_IRQHandler
                0x0800171c                SAI2_IRQHandler
                0x0800171c                ADC1_IRQHandler
                0x0800171c                DFSDM1_FLT3_IRQHandler
                0x0800171c                USART3_IRQHandler
                0x0800171c                DMA1_Channel7_IRQHandler
                0x0800171c                CAN1_RX1_IRQHandler
                0x0800171c                UART5_IRQHandler
                0x0800171c                TIM4_IRQHandler
                0x0800171c                DMA2_Channel1_IRQHandler
                0x0800171c                I2C1_EV_IRQHandler
                0x0800171c                DMAMUX1_OVR_IRQHandler
                0x0800171c                DMA1_Channel6_IRQHandler
                0x0800171c                UART4_IRQHandler
                0x0800171c                DMA2_Channel4_IRQHandler
                0x0800171c                TIM3_IRQHandler
                0x0800171c                RCC_IRQHandler
                0x0800171c                DMA1_Channel1_IRQHandler
                0x0800171c                Default_Handler
                0x0800171c                DMA2_Channel7_IRQHandler
                0x0800171c                EXTI15_10_IRQHandler
                0x0800171c                TIM7_IRQHandler
                0x0800171c                SDMMC1_IRQHandler
                0x0800171c                TIM5_IRQHandler
                0x0800171c                I2C3_EV_IRQHandler
                0x0800171c                EXTI9_5_IRQHandler
                0x0800171c                RTC_WKUP_IRQHandler
                0x0800171c                LTDC_IRQHandler
                0x0800171c                PVD_PVM_IRQHandler
                0x0800171c                SPI2_IRQHandler
                0x0800171c                CAN1_TX_IRQHandler
                0x0800171c                DMA2_Channel5_IRQHandler
                0x0800171c                CRS_IRQHandler
                0x0800171c                DMA1_Channel5_IRQHandler
                0x0800171c                EXTI4_IRQHandler
                0x0800171c                RNG_IRQHandler
                0x0800171c                TIM1_TRG_COM_TIM17_IRQHandler
                0x0800171c                DMA1_Channel3_IRQHandler
                0x0800171c                COMP_IRQHandler
                0x0800171c                DSI_IRQHandler
                0x0800171c                WWDG_IRQHandler
                0x0800171c                I2C4_EV_IRQHandler
                0x0800171c                LPUART1_IRQHandler
                0x0800171c                DMA2_Channel6_IRQHandler
                0x0800171c                TIM2_IRQHandler
                0x0800171c                DMA2D_IRQHandler
                0x0800171c                EXTI1_IRQHandler
                0x0800171c                USART2_IRQHandler
                0x0800171c                DFSDM1_FLT0_IRQHandler
                0x0800171c                I2C2_ER_IRQHandler
                0x0800171c                DMA1_Channel2_IRQHandler
                0x0800171c                TIM8_BRK_IRQHandler
                0x0800171c                CAN1_SCE_IRQHandler
                0x0800171c                FLASH_IRQHandler
                0x0800171c                USART1_IRQHandler
                0x0800171c                OTG_FS_IRQHandler
                0x0800171c                SPI3_IRQHandler
                0x0800171c                I2C1_ER_IRQHandler
                0x0800171c                FMC_IRQHandler
                0x0800171c                LPTIM1_IRQHandler
                0x0800171c                I2C4_ER_IRQHandler
                0x0800171c                SAI1_IRQHandler
                0x0800171c                DMA2_Channel3_IRQHandler
                0x0800171c                TIM1_BRK_TIM15_IRQHandler
 .text.HAL_Init
                0x0800171e       0x30 ./Drivers/STM32L4xx_HAL_Driver/Src/stm32l4xx_hal.o
                0x0800171e                HAL_Init
 *fill*         0x0800174e        0x2 
 .text.HAL_InitTick
                0x08001750       0x78 ./Drivers/STM32L4xx_HAL_Driver/Src/stm32l4xx_hal.o
                0x08001750                HAL_InitTick
 .text.HAL_IncTick
                0x080017c8       0x28 ./Drivers/STM32L4xx_HAL_Driver/Src/stm32l4xx_hal.o
                0x080017c8                HAL_IncTick
 .text.HAL_GetTick
                0x080017f0       0x18 ./Drivers/STM32L4xx_HAL_Driver/Src/stm32l4xx_hal.o
                0x080017f0                HAL_GetTick
 .text.HAL_Delay
                0x08001808       0x48 ./Drivers/STM32L4xx_HAL_Driver/Src/stm32l4xx_hal.o
                0x08001808                HAL_Delay
 .text.__NVIC_SetPriorityGrouping
                0x08001850       0x48 ./Drivers/STM32L4xx_HAL_Driver/Src/stm32l4xx_hal_cortex.o
 .text.__NVIC_GetPriorityGrouping
                0x08001898       0x1c ./Drivers/STM32L4xx_HAL_Driver/Src/stm32l4xx_hal_cortex.o
 .text.__NVIC_SetPriority
                0x080018b4       0x54 ./Drivers/STM32L4xx_HAL_Driver/Src/stm32l4xx_hal_cortex.o
 .text.NVIC_EncodePriority
                0x08001908       0x66 ./Drivers/STM32L4xx_HAL_Driver/Src/stm32l4xx_hal_cortex.o
 *fill*         0x0800196e        0x2 
 .text.SysTick_Config
                0x08001970       0x44 ./Drivers/STM32L4xx_HAL_Driver/Src/stm32l4xx_hal_cortex.o
 .text.HAL_NVIC_SetPriorityGrouping
                0x080019b4       0x16 ./Drivers/STM32L4xx_HAL_Driver/Src/stm32l4xx_hal_cortex.o
                0x080019b4                HAL_NVIC_SetPriorityGrouping
 .text.HAL_NVIC_SetPriority
                0x080019ca       0x38 ./Drivers/STM32L4xx_HAL_Driver/Src/stm32l4xx_hal_cortex.o
                0x080019ca                HAL_NVIC_SetPriority
 .text.HAL_SYSTICK_Config
                0x08001a02       0x18 ./Drivers/STM32L4xx_HAL_Driver/Src/stm32l4xx_hal_cortex.o
                0x08001a02                HAL_SYSTICK_Config
 *fill*         0x08001a1a        0x2 
 .text.HAL_GPIO_Init
                0x08001a1c      0x324 ./Drivers/STM32L4xx_HAL_Driver/Src/stm32l4xx_hal_gpio.o
                0x08001a1c                HAL_GPIO_Init
 .text.HAL_GPIO_WritePin
                0x08001d40       0x30 ./Drivers/STM32L4xx_HAL_Driver/Src/stm32l4xx_hal_gpio.o
                0x08001d40                HAL_GPIO_WritePin
 .text.HAL_I2C_Init
                0x08001d70      0x136 ./Drivers/STM32L4xx_HAL_Driver/Src/stm32l4xx_hal_i2c.o
                0x08001d70                HAL_I2C_Init
 .text.HAL_I2CEx_ConfigAnalogFilter
                0x08001ea6       0x96 ./Drivers/STM32L4xx_HAL_Driver/Src/stm32l4xx_hal_i2c_ex.o
                0x08001ea6                HAL_I2CEx_ConfigAnalogFilter
 .text.HAL_I2CEx_ConfigDigitalFilter
                0x08001f3c       0x98 ./Drivers/STM32L4xx_HAL_Driver/Src/stm32l4xx_hal_i2c_ex.o
                0x08001f3c                HAL_I2CEx_ConfigDigitalFilter
 .text.HAL_PCD_Init
                0x08001fd4      0x21e ./Drivers/STM32L4xx_HAL_Driver/Src/stm32l4xx_hal_pcd.o
                0x08001fd4                HAL_PCD_Init
 .text.HAL_PCDEx_ActivateLPM
                0x080021f2       0x48 ./Drivers/STM32L4xx_HAL_Driver/Src/stm32l4xx_hal_pcd_ex.o
                0x080021f2                HAL_PCDEx_ActivateLPM
 *fill*         0x0800223a        0x2 
 .text.HAL_PWREx_GetVoltageRange
                0x0800223c       0x40 ./Drivers/STM32L4xx_HAL_Driver/Src/stm32l4xx_hal_pwr_ex.o
                0x0800223c                HAL_PWREx_GetVoltageRange
 .text.HAL_PWREx_ControlVoltageScaling
                0x0800227c      0x148 ./Drivers/STM32L4xx_HAL_Driver/Src/stm32l4xx_hal_pwr_ex.o
                0x0800227c                HAL_PWREx_ControlVoltageScaling
 .text.HAL_PWREx_EnableVddUSB
                0x080023c4       0x20 ./Drivers/STM32L4xx_HAL_Driver/Src/stm32l4xx_hal_pwr_ex.o
                0x080023c4                HAL_PWREx_EnableVddUSB
 .text.HAL_PWREx_EnableVddIO2
                0x080023e4       0x20 ./Drivers/STM32L4xx_HAL_Driver/Src/stm32l4xx_hal_pwr_ex.o
                0x080023e4                HAL_PWREx_EnableVddIO2
 .text.HAL_RCC_OscConfig
                0x08002404      0x834 ./Drivers/STM32L4xx_HAL_Driver/Src/stm32l4xx_hal_rcc.o
                0x08002404                HAL_RCC_OscConfig
 .text.HAL_RCC_ClockConfig
                0x08002c38      0x274 ./Drivers/STM32L4xx_HAL_Driver/Src/stm32l4xx_hal_rcc.o
                0x08002c38                HAL_RCC_ClockConfig
 .text.HAL_RCC_GetSysClockFreq
                0x08002eac      0x114 ./Drivers/STM32L4xx_HAL_Driver/Src/stm32l4xx_hal_rcc.o
                0x08002eac                HAL_RCC_GetSysClockFreq
 .text.HAL_RCC_GetHCLKFreq
                0x08002fc0       0x18 ./Drivers/STM32L4xx_HAL_Driver/Src/stm32l4xx_hal_rcc.o
                0x08002fc0                HAL_RCC_GetHCLKFreq
 .text.HAL_RCC_GetPCLK1Freq
                0x08002fd8       0x2c ./Drivers/STM32L4xx_HAL_Driver/Src/stm32l4xx_hal_rcc.o
                0x08002fd8                HAL_RCC_GetPCLK1Freq
 .text.HAL_RCC_GetPCLK2Freq
                0x08003004       0x2c ./Drivers/STM32L4xx_HAL_Driver/Src/stm32l4xx_hal_rcc.o
                0x08003004                HAL_RCC_GetPCLK2Freq
 .text.RCC_SetFlashLatencyFromMSIRange
                0x08003030       0xb4 ./Drivers/STM32L4xx_HAL_Driver/Src/stm32l4xx_hal_rcc.o
 .text.RCC_GetSysClockFreqFromPLLSource
                0x080030e4       0xc8 ./Drivers/STM32L4xx_HAL_Driver/Src/stm32l4xx_hal_rcc.o
 .text.HAL_RCCEx_PeriphCLKConfig
                0x080031ac      0x720 ./Drivers/STM32L4xx_HAL_Driver/Src/stm32l4xx_hal_rcc_ex.o
                0x080031ac                HAL_RCCEx_PeriphCLKConfig
 .text.HAL_RCCEx_GetPeriphCLKFreq
                0x080038cc      0xe40 ./Drivers/STM32L4xx_HAL_Driver/Src/stm32l4xx_hal_rcc_ex.o
                0x080038cc                HAL_RCCEx_GetPeriphCLKFreq
 .text.RCCEx_PLLSAI1_Config
                0x0800470c      0x1e8 ./Drivers/STM32L4xx_HAL_Driver/Src/stm32l4xx_hal_rcc_ex.o
 .text.RCCEx_PLLSAI2_Config
                0x080048f4      0x1e8 ./Drivers/STM32L4xx_HAL_Driver/Src/stm32l4xx_hal_rcc_ex.o
 .text.RCCEx_GetSAIxPeriphCLKFreq
                0x08004adc      0x224 ./Drivers/STM32L4xx_HAL_Driver/Src/stm32l4xx_hal_rcc_ex.o
 .text.HAL_SAI_Init
                0x08004d00      0x3bc ./Drivers/STM32L4xx_HAL_Driver/Src/stm32l4xx_hal_sai.o
                0x08004d00                HAL_SAI_Init
 .text.SAI_Disable
                0x080050bc       0x74 ./Drivers/STM32L4xx_HAL_Driver/Src/stm32l4xx_hal_sai.o
 .text.HAL_SPI_Init
                0x08005130      0x146 ./Drivers/STM32L4xx_HAL_Driver/Src/stm32l4xx_hal_spi.o
                0x08005130                HAL_SPI_Init
 .text.HAL_SRAM_Init
                0x08005276       0x90 ./Drivers/STM32L4xx_HAL_Driver/Src/stm32l4xx_hal_sram.o
                0x08005276                HAL_SRAM_Init
 .text.HAL_UART_Init
                0x08005306       0xa0 ./Drivers/STM32L4xx_HAL_Driver/Src/stm32l4xx_hal_uart.o
                0x08005306                HAL_UART_Init
 .text.HAL_UART_Transmit
                0x080053a6      0x132 ./Drivers/STM32L4xx_HAL_Driver/Src/stm32l4xx_hal_uart.o
                0x080053a6                HAL_UART_Transmit
 .text.HAL_UART_Receive
                0x080054d8      0x1a0 ./Drivers/STM32L4xx_HAL_Driver/Src/stm32l4xx_hal_uart.o
                0x080054d8                HAL_UART_Receive
 .text.UART_SetConfig
                0x08005678      0x5f8 ./Drivers/STM32L4xx_HAL_Driver/Src/stm32l4xx_hal_uart.o
                0x08005678                UART_SetConfig
 .text.UART_AdvFeatureConfig
                0x08005c70      0x144 ./Drivers/STM32L4xx_HAL_Driver/Src/stm32l4xx_hal_uart.o
                0x08005c70                UART_AdvFeatureConfig
 .text.UART_CheckIdleState
                0x08005db4      0x154 ./Drivers/STM32L4xx_HAL_Driver/Src/stm32l4xx_hal_uart.o
                0x08005db4                UART_CheckIdleState
 .text.UART_WaitOnFlagUntilTimeout
                0x08005f08       0xda ./Drivers/STM32L4xx_HAL_Driver/Src/stm32l4xx_hal_uart.o
                0x08005f08                UART_WaitOnFlagUntilTimeout
 .text.UART_EndRxTransfer
                0x08005fe2       0xcc ./Drivers/STM32L4xx_HAL_Driver/Src/stm32l4xx_hal_uart.o
 .text.HAL_UARTEx_DisableFifoMode
                0x080060ae       0x72 ./Drivers/STM32L4xx_HAL_Driver/Src/stm32l4xx_hal_uart_ex.o
                0x080060ae                HAL_UARTEx_DisableFifoMode
 .text.HAL_UARTEx_SetTxFifoThreshold
                0x08006120       0x7c ./Drivers/STM32L4xx_HAL_Driver/Src/stm32l4xx_hal_uart_ex.o
                0x08006120                HAL_UARTEx_SetTxFifoThreshold
 .text.HAL_UARTEx_SetRxFifoThreshold
                0x0800619c       0x7c ./Drivers/STM32L4xx_HAL_Driver/Src/stm32l4xx_hal_uart_ex.o
                0x0800619c                HAL_UARTEx_SetRxFifoThreshold
 .text.UARTEx_SetNbDataToProcess
                0x08006218       0x9c ./Drivers/STM32L4xx_HAL_Driver/Src/stm32l4xx_hal_uart_ex.o
 .text.FMC_NORSRAM_Init
                0x080062b4      0x134 ./Drivers/STM32L4xx_HAL_Driver/Src/stm32l4xx_ll_fmc.o
                0x080062b4                FMC_NORSRAM_Init
 .text.FMC_NORSRAM_Timing_Init
                0x080063e8       0x9a ./Drivers/STM32L4xx_HAL_Driver/Src/stm32l4xx_ll_fmc.o
                0x080063e8                FMC_NORSRAM_Timing_Init
 .text.FMC_NORSRAM_Extended_Timing_Init
                0x08006482       0x74 ./Drivers/STM32L4xx_HAL_Driver/Src/stm32l4xx_ll_fmc.o
                0x08006482                FMC_NORSRAM_Extended_Timing_Init
 .text.USB_CoreInit
                0x080064f6       0x5a ./Drivers/STM32L4xx_HAL_Driver/Src/stm32l4xx_ll_usb.o
                0x080064f6                USB_CoreInit
 .text.USB_DisableGlobalInt
                0x08006550       0x22 ./Drivers/STM32L4xx_HAL_Driver/Src/stm32l4xx_ll_usb.o
                0x08006550                USB_DisableGlobalInt
 .text.USB_SetCurrentMode
                0x08006572       0x98 ./Drivers/STM32L4xx_HAL_Driver/Src/stm32l4xx_ll_usb.o
                0x08006572                USB_SetCurrentMode
 *fill*         0x0800660a        0x2 
 .text.USB_DevInit
                0x0800660c      0x290 ./Drivers/STM32L4xx_HAL_Driver/Src/stm32l4xx_ll_usb.o
                0x0800660c                USB_DevInit
 .text.USB_FlushTxFifo
                0x0800689c       0x64 ./Drivers/STM32L4xx_HAL_Driver/Src/stm32l4xx_ll_usb.o
                0x0800689c                USB_FlushTxFifo
 .text.USB_FlushRxFifo
                0x08006900       0x5c ./Drivers/STM32L4xx_HAL_Driver/Src/stm32l4xx_ll_usb.o
                0x08006900                USB_FlushRxFifo
 .text.USB_SetDevSpeed
                0x0800695c       0x32 ./Drivers/STM32L4xx_HAL_Driver/Src/stm32l4xx_ll_usb.o
                0x0800695c                USB_SetDevSpeed
 .text.USB_DevDisconnect
                0x0800698e       0x42 ./Drivers/STM32L4xx_HAL_Driver/Src/stm32l4xx_ll_usb.o
                0x0800698e                USB_DevDisconnect
 .text.USB_GetMode
                0x080069d0       0x1c ./Drivers/STM32L4xx_HAL_Driver/Src/stm32l4xx_ll_usb.o
                0x080069d0                USB_GetMode
 .text.USB_CoreReset
                0x080069ec       0x70 ./Drivers/STM32L4xx_HAL_Driver/Src/stm32l4xx_ll_usb.o
 .text.ai_log_err
                0x08006a5c       0x44 ./X-CUBE-AI/App/app_x-cube-ai.o
 .text.ai_boostrap
                0x08006aa0       0xc8 ./X-CUBE-AI/App/app_x-cube-ai.o
 .text.ai_run   0x08006b68       0x54 ./X-CUBE-AI/App/app_x-cube-ai.o
 .text.acquire_and_process_data
                0x08006bbc       0xf8 ./X-CUBE-AI/App/app_x-cube-ai.o
                0x08006bbc                acquire_and_process_data
 .text.synchronize_UART
                0x08006cb4       0x54 ./X-CUBE-AI/App/app_x-cube-ai.o
                0x08006cb4                synchronize_UART
 .text.post_process
                0x08006d08      0x100 ./X-CUBE-AI/App/app_x-cube-ai.o
                0x08006d08                post_process
 .text.MX_X_CUBE_AI_Init
                0x08006e08       0x1c ./X-CUBE-AI/App/app_x-cube-ai.o
                0x08006e08                MX_X_CUBE_AI_Init
 .text.MX_X_CUBE_AI_Process
                0x08006e24       0x84 ./X-CUBE-AI/App/app_x-cube-ai.o
                0x08006e24                MX_X_CUBE_AI_Process
 .text.machine_failures_configure_activations
                0x08006ea8      0x104 ./X-CUBE-AI/App/machine_failures.o
 .text.machine_failures_configure_weights
                0x08006fac      0x170 ./X-CUBE-AI/App/machine_failures.o
 .text.ai_machine_failures_get_error
                0x0800711c       0x18 ./X-CUBE-AI/App/machine_failures.o
                0x0800711c                ai_machine_failures_get_error
 .text.ai_machine_failures_create
                0x08007134       0x2c ./X-CUBE-AI/App/machine_failures.o
                0x08007134                ai_machine_failures_create
 .text.ai_machine_failures_create_and_init
                0x08007160       0xfc ./X-CUBE-AI/App/machine_failures.o
                0x08007160                ai_machine_failures_create_and_init
 .text.ai_machine_failures_inputs_get
                0x0800725c       0x34 ./X-CUBE-AI/App/machine_failures.o
                0x0800725c                ai_machine_failures_inputs_get
 .text.ai_machine_failures_outputs_get
                0x08007290       0x34 ./X-CUBE-AI/App/machine_failures.o
                0x08007290                ai_machine_failures_outputs_get
 .text.ai_machine_failures_init
                0x080072c4       0x78 ./X-CUBE-AI/App/machine_failures.o
                0x080072c4                ai_machine_failures_init
 .text.ai_machine_failures_run
                0x0800733c       0x20 ./X-CUBE-AI/App/machine_failures.o
                0x0800733c                ai_machine_failures_run
 .text.ai_machine_failures_data_params_get
                0x0800735c       0x50 ./X-CUBE-AI/App/machine_failures_data.o
                0x0800735c                ai_machine_failures_data_params_get
 .text.ai_buffer_get_size
                0x080073ac       0x64 ../Middlewares/ST/AI/Lib\NetworkRuntime1020_CM4_GCC.a(ai_platform.o)
                0x080073ac                ai_buffer_get_size
 .text.ai_buffer_array_sane
                0x08007410       0x14 ../Middlewares/ST/AI/Lib\NetworkRuntime1020_CM4_GCC.a(ai_platform.o)
                0x08007410                ai_buffer_array_sane
 .text.ai_buffer_array_item_set_address
                0x08007424       0x1c ../Middlewares/ST/AI/Lib\NetworkRuntime1020_CM4_GCC.a(ai_platform.o)
                0x08007424                ai_buffer_array_item_set_address
 .text.ai_platform_get_weights_map
                0x08007440       0xa4 ../Middlewares/ST/AI/Lib\NetworkRuntime1020_CM4_GCC.a(ai_platform_interface.o)
                0x08007440                ai_platform_get_weights_map
 .text.ai_platform_get_activations_map
                0x080074e4       0xa8 ../Middlewares/ST/AI/Lib\NetworkRuntime1020_CM4_GCC.a(ai_platform_interface.o)
                0x080074e4                ai_platform_get_activations_map
 .text.ai_platform_bind_network_params
                0x0800758c       0x44 ../Middlewares/ST/AI/Lib\NetworkRuntime1020_CM4_GCC.a(ai_platform_interface.o)
                0x0800758c                ai_platform_bind_network_params
 .text.ai_platform_network_get_error
                0x080075d0       0x18 ../Middlewares/ST/AI/Lib\NetworkRuntime1020_CM4_GCC.a(ai_platform_interface.o)
                0x080075d0                ai_platform_network_get_error
 .text.ai_platform_network_set_error
                0x080075e8        0xc ../Middlewares/ST/AI/Lib\NetworkRuntime1020_CM4_GCC.a(ai_platform_interface.o)
                0x080075e8                ai_platform_network_set_error
 .text.ai_platform_inputs_get
                0x080075f4       0xec ../Middlewares/ST/AI/Lib\NetworkRuntime1020_CM4_GCC.a(ai_platform_interface.o)
                0x080075f4                ai_platform_inputs_get
 .text.ai_platform_outputs_get
                0x080076e0       0xe4 ../Middlewares/ST/AI/Lib\NetworkRuntime1020_CM4_GCC.a(ai_platform_interface.o)
                0x080076e0                ai_platform_outputs_get
 .text.ai_platform_network_create
                0x080077c4       0x84 ../Middlewares/ST/AI/Lib\NetworkRuntime1020_CM4_GCC.a(ai_platform_interface.o)
                0x080077c4                ai_platform_network_create
 .text.ai_platform_network_init
                0x08007848      0x130 ../Middlewares/ST/AI/Lib\NetworkRuntime1020_CM4_GCC.a(ai_platform_interface.o)
                0x08007848                ai_platform_network_init
 .text.ai_platform_network_post_init
                0x08007978       0x5c ../Middlewares/ST/AI/Lib\NetworkRuntime1020_CM4_GCC.a(ai_platform_interface.o)
                0x08007978                ai_platform_network_post_init
 .text.ai_platform_network_process
                0x080079d4      0x438 ../Middlewares/ST/AI/Lib\NetworkRuntime1020_CM4_GCC.a(ai_platform_interface.o)
                0x080079d4                ai_platform_network_process
 .text.core_init
                0x08007e0c        0x4 ../Middlewares/ST/AI/Lib\NetworkRuntime1020_CM4_GCC.a(core_common.o)
                0x08007e0c                core_init
 .text.core_get_error
                0x08007e10        0xc ../Middlewares/ST/AI/Lib\NetworkRuntime1020_CM4_GCC.a(core_common.o)
                0x08007e10                core_get_error
 .text.core_set_error
                0x08007e1c       0x18 ../Middlewares/ST/AI/Lib\NetworkRuntime1020_CM4_GCC.a(core_common.o)
                0x08007e1c                core_set_error
 .text.ai_check_custom_types
                0x08007e34       0x54 ../Middlewares/ST/AI/Lib\NetworkRuntime1020_CM4_GCC.a(layers.o)
                0x08007e34                ai_check_custom_types
 .text.ai_layers_init_all
                0x08007e88       0x20 ../Middlewares/ST/AI/Lib\NetworkRuntime1020_CM4_GCC.a(layers.o)
                0x08007e88                ai_layers_init_all
 .text.ai_layers_post_init_all
                0x08007ea8       0x3c ../Middlewares/ST/AI/Lib\NetworkRuntime1020_CM4_GCC.a(layers.o)
                0x08007ea8                ai_layers_post_init_all
 .text.ai_layers_forward_all
                0x08007ee4       0x90 ../Middlewares/ST/AI/Lib\NetworkRuntime1020_CM4_GCC.a(layers.o)
                0x08007ee4                ai_layers_forward_all
 .text.forward_dense
                0x08007f74      0x100 ../Middlewares/ST/AI/Lib\NetworkRuntime1020_CM4_GCC.a(layers_conv2d_generic_float.o)
                0x08007f74                forward_dense
 .text.forward_relu
                0x08008074      0x134 ../Middlewares/ST/AI/Lib\NetworkRuntime1020_CM4_GCC.a(layers_nl_generic_float.o)
                0x08008074                forward_relu
 .text.forward_sm
                0x080081a8       0x84 ../Middlewares/ST/AI/Lib\NetworkRuntime1020_CM4_GCC.a(layers_nl_generic_float.o)
                0x080081a8                forward_sm
 .text.forward_lite_nl_softmax_if32of32_kernel
                0x0800822c       0xf0 ../Middlewares/ST/AI/Lib\NetworkRuntime1020_CM4_GCC.a(lite_nl_softmax_if32of32.o)
                0x0800822c                forward_lite_nl_softmax_if32of32_kernel
 .text.forward_lite_nl_relu_generic_if32of32_kernel
                0x0800831c       0xf0 ../Middlewares/ST/AI/Lib\NetworkRuntime1020_CM4_GCC.a(lite_nl_relu_if32of32.o)
                0x0800831c                forward_lite_nl_relu_generic_if32of32_kernel
 .text.forward_lite_dense_if32of32wf32
                0x0800840c      0x2ac ../Middlewares/ST/AI/Lib\NetworkRuntime1020_CM4_GCC.a(lite_dense_if32.o)
                0x0800840c                forward_lite_dense_if32of32wf32
 .text.forward_lite_dense_if32of32wf32_lut4
                0x080086b8      0x288 ../Middlewares/ST/AI/Lib\NetworkRuntime1020_CM4_GCC.a(lite_dense_if32.o)
                0x080086b8                forward_lite_dense_if32of32wf32_lut4
 .text.forward_lite_dense_if32of32wf32_lut8
                0x08008940      0x298 ../Middlewares/ST/AI/Lib\NetworkRuntime1020_CM4_GCC.a(lite_dense_if32.o)
                0x08008940                forward_lite_dense_if32of32wf32_lut8
 .text.forward_lite_nl_softmax_if32of32
                0x08008bd8       0x64 ../Middlewares/ST/AI/Lib\NetworkRuntime1020_CM4_GCC.a(lite_nl_generic_float.o)
                0x08008bd8                forward_lite_nl_softmax_if32of32
 .text.st_int8_copy
                0x08008c3c      0x13c ../Middlewares/ST/AI/Lib\NetworkRuntime1020_CM4_GCC.a(st_int8_fill.o)
                0x08008c3c                st_int8_copy
 .text.ai_array_to_buffer_fmt
                0x08008d78       0xe0 ../Middlewares/ST/AI/Lib\NetworkRuntime1020_CM4_GCC.a(ai_datatypes_format.o)
                0x08008d78                ai_array_to_buffer_fmt
 .text.ai_array_get_data_byte_size
                0x08008e58       0x24 ../Middlewares/ST/AI/Lib\NetworkRuntime1020_CM4_GCC.a(ai_datatypes_format.o)
                0x08008e58                ai_array_get_data_byte_size
 .text.ai_version_get
                0x08008e7c        0xc ../Middlewares/ST/AI/Lib\NetworkRuntime1020_CM4_GCC.a(ai_datatypes_internal.o)
                0x08008e7c                ai_version_get
 .text.get_tensor_byte_size
                0x08008e88       0x30 ../Middlewares/ST/AI/Lib\NetworkRuntime1020_CM4_GCC.a(ai_datatypes_internal.o)
                0x08008e88                get_tensor_byte_size
 .text.sbrk_aligned
                0x08008eb8       0x44 C:/ST/STM32CubeIDE_1.16.0/STM32CubeIDE/plugins/com.st.stm32cube.ide.mcu.externaltools.gnu-tools-for-stm32.12.3.rel1.win32_1.0.200.202406191623/tools/bin/../lib/gcc/arm-none-eabi/12.3.1/../../../../arm-none-eabi/lib/thumb/v7e-m+fp/hard\libc_nano.a(libc_a-mallocr.o)
 .text._malloc_r
                0x08008efc      0x100 C:/ST/STM32CubeIDE_1.16.0/STM32CubeIDE/plugins/com.st.stm32cube.ide.mcu.externaltools.gnu-tools-for-stm32.12.3.rel1.win32_1.0.200.202406191623/tools/bin/../lib/gcc/arm-none-eabi/12.3.1/../../../../arm-none-eabi/lib/thumb/v7e-m+fp/hard\libc_nano.a(libc_a-mallocr.o)
                0x08008efc                _malloc_r
 .text.__malloc_lock
                0x08008ffc        0xc C:/ST/STM32CubeIDE_1.16.0/STM32CubeIDE/plugins/com.st.stm32cube.ide.mcu.externaltools.gnu-tools-for-stm32.12.3.rel1.win32_1.0.200.202406191623/tools/bin/../lib/gcc/arm-none-eabi/12.3.1/../../../../arm-none-eabi/lib/thumb/v7e-m+fp/hard\libc_nano.a(libc_a-mlock.o)
                0x08008ffc                __malloc_lock
 .text.__malloc_unlock
                0x08009008        0xc C:/ST/STM32CubeIDE_1.16.0/STM32CubeIDE/plugins/com.st.stm32cube.ide.mcu.externaltools.gnu-tools-for-stm32.12.3.rel1.win32_1.0.200.202406191623/tools/bin/../lib/gcc/arm-none-eabi/12.3.1/../../../../arm-none-eabi/lib/thumb/v7e-m+fp/hard\libc_nano.a(libc_a-mlock.o)
                0x08009008                __malloc_unlock
 .text.std      0x08009014       0x6c C:/ST/STM32CubeIDE_1.16.0/STM32CubeIDE/plugins/com.st.stm32cube.ide.mcu.externaltools.gnu-tools-for-stm32.12.3.rel1.win32_1.0.200.202406191623/tools/bin/../lib/gcc/arm-none-eabi/12.3.1/../../../../arm-none-eabi/lib/thumb/v7e-m+fp/hard\libc_nano.a(libc_a-findfp.o)
 .text.stdio_exit_handler
                0x08009080       0x18 C:/ST/STM32CubeIDE_1.16.0/STM32CubeIDE/plugins/com.st.stm32cube.ide.mcu.externaltools.gnu-tools-for-stm32.12.3.rel1.win32_1.0.200.202406191623/tools/bin/../lib/gcc/arm-none-eabi/12.3.1/../../../../arm-none-eabi/lib/thumb/v7e-m+fp/hard\libc_nano.a(libc_a-findfp.o)
 .text.cleanup_stdio
                0x08009098       0x40 C:/ST/STM32CubeIDE_1.16.0/STM32CubeIDE/plugins/com.st.stm32cube.ide.mcu.externaltools.gnu-tools-for-stm32.12.3.rel1.win32_1.0.200.202406191623/tools/bin/../lib/gcc/arm-none-eabi/12.3.1/../../../../arm-none-eabi/lib/thumb/v7e-m+fp/hard\libc_nano.a(libc_a-findfp.o)
 .text.global_stdio_init.part.0
                0x080090d8       0x3c C:/ST/STM32CubeIDE_1.16.0/STM32CubeIDE/plugins/com.st.stm32cube.ide.mcu.externaltools.gnu-tools-for-stm32.12.3.rel1.win32_1.0.200.202406191623/tools/bin/../lib/gcc/arm-none-eabi/12.3.1/../../../../arm-none-eabi/lib/thumb/v7e-m+fp/hard\libc_nano.a(libc_a-findfp.o)
 .text.__sfp_lock_acquire
                0x08009114        0xc C:/ST/STM32CubeIDE_1.16.0/STM32CubeIDE/plugins/com.st.stm32cube.ide.mcu.externaltools.gnu-tools-for-stm32.12.3.rel1.win32_1.0.200.202406191623/tools/bin/../lib/gcc/arm-none-eabi/12.3.1/../../../../arm-none-eabi/lib/thumb/v7e-m+fp/hard\libc_nano.a(libc_a-findfp.o)
                0x08009114                __sfp_lock_acquire
 .text.__sfp_lock_release
                0x08009120        0xc C:/ST/STM32CubeIDE_1.16.0/STM32CubeIDE/plugins/com.st.stm32cube.ide.mcu.externaltools.gnu-tools-for-stm32.12.3.rel1.win32_1.0.200.202406191623/tools/bin/../lib/gcc/arm-none-eabi/12.3.1/../../../../arm-none-eabi/lib/thumb/v7e-m+fp/hard\libc_nano.a(libc_a-findfp.o)
                0x08009120                __sfp_lock_release
 .text.__sinit  0x0800912c       0x30 C:/ST/STM32CubeIDE_1.16.0/STM32CubeIDE/plugins/com.st.stm32cube.ide.mcu.externaltools.gnu-tools-for-stm32.12.3.rel1.win32_1.0.200.202406191623/tools/bin/../lib/gcc/arm-none-eabi/12.3.1/../../../../arm-none-eabi/lib/thumb/v7e-m+fp/hard\libc_nano.a(libc_a-findfp.o)
                0x0800912c                __sinit
 .text._fwalk_sglue
                0x0800915c       0x3c C:/ST/STM32CubeIDE_1.16.0/STM32CubeIDE/plugins/com.st.stm32cube.ide.mcu.externaltools.gnu-tools-for-stm32.12.3.rel1.win32_1.0.200.202406191623/tools/bin/../lib/gcc/arm-none-eabi/12.3.1/../../../../arm-none-eabi/lib/thumb/v7e-m+fp/hard\libc_nano.a(libc_a-fwalk.o)
                0x0800915c                _fwalk_sglue
 .text.printf   0x08009198       0x24 C:/ST/STM32CubeIDE_1.16.0/STM32CubeIDE/plugins/com.st.stm32cube.ide.mcu.externaltools.gnu-tools-for-stm32.12.3.rel1.win32_1.0.200.202406191623/tools/bin/../lib/gcc/arm-none-eabi/12.3.1/../../../../arm-none-eabi/lib/thumb/v7e-m+fp/hard\libc_nano.a(libc_a-printf.o)
                0x08009198                iprintf
                0x08009198                printf
 .text._puts_r  0x080091bc       0xaa C:/ST/STM32CubeIDE_1.16.0/STM32CubeIDE/plugins/com.st.stm32cube.ide.mcu.externaltools.gnu-tools-for-stm32.12.3.rel1.win32_1.0.200.202406191623/tools/bin/../lib/gcc/arm-none-eabi/12.3.1/../../../../arm-none-eabi/lib/thumb/v7e-m+fp/hard\libc_nano.a(libc_a-puts.o)
                0x080091bc                _puts_r
 *fill*         0x08009266        0x2 
 .text.puts     0x08009268       0x10 C:/ST/STM32CubeIDE_1.16.0/STM32CubeIDE/plugins/com.st.stm32cube.ide.mcu.externaltools.gnu-tools-for-stm32.12.3.rel1.win32_1.0.200.202406191623/tools/bin/../lib/gcc/arm-none-eabi/12.3.1/../../../../arm-none-eabi/lib/thumb/v7e-m+fp/hard\libc_nano.a(libc_a-puts.o)
                0x08009268                puts
 .text.__sread  0x08009278       0x22 C:/ST/STM32CubeIDE_1.16.0/STM32CubeIDE/plugins/com.st.stm32cube.ide.mcu.externaltools.gnu-tools-for-stm32.12.3.rel1.win32_1.0.200.202406191623/tools/bin/../lib/gcc/arm-none-eabi/12.3.1/../../../../arm-none-eabi/lib/thumb/v7e-m+fp/hard\libc_nano.a(libc_a-stdio.o)
                0x08009278                __sread
 .text.__swrite
                0x0800929a       0x38 C:/ST/STM32CubeIDE_1.16.0/STM32CubeIDE/plugins/com.st.stm32cube.ide.mcu.externaltools.gnu-tools-for-stm32.12.3.rel1.win32_1.0.200.202406191623/tools/bin/../lib/gcc/arm-none-eabi/12.3.1/../../../../arm-none-eabi/lib/thumb/v7e-m+fp/hard\libc_nano.a(libc_a-stdio.o)
                0x0800929a                __swrite
 .text.__sseek  0x080092d2       0x24 C:/ST/STM32CubeIDE_1.16.0/STM32CubeIDE/plugins/com.st.stm32cube.ide.mcu.externaltools.gnu-tools-for-stm32.12.3.rel1.win32_1.0.200.202406191623/tools/bin/../lib/gcc/arm-none-eabi/12.3.1/../../../../arm-none-eabi/lib/thumb/v7e-m+fp/hard\libc_nano.a(libc_a-stdio.o)
                0x080092d2                __sseek
 .text.__sclose
                0x080092f6        0x8 C:/ST/STM32CubeIDE_1.16.0/STM32CubeIDE/plugins/com.st.stm32cube.ide.mcu.externaltools.gnu-tools-for-stm32.12.3.rel1.win32_1.0.200.202406191623/tools/bin/../lib/gcc/arm-none-eabi/12.3.1/../../../../arm-none-eabi/lib/thumb/v7e-m+fp/hard\libc_nano.a(libc_a-stdio.o)
                0x080092f6                __sclose
 .text.__swbuf_r
                0x080092fe       0x7c C:/ST/STM32CubeIDE_1.16.0/STM32CubeIDE/plugins/com.st.stm32cube.ide.mcu.externaltools.gnu-tools-for-stm32.12.3.rel1.win32_1.0.200.202406191623/tools/bin/../lib/gcc/arm-none-eabi/12.3.1/../../../../arm-none-eabi/lib/thumb/v7e-m+fp/hard\libc_nano.a(libc_a-wbuf.o)
                0x080092fe                __swbuf_r
 *fill*         0x0800937a        0x2 
 .text.__swsetup_r
                0x0800937c       0xac C:/ST/STM32CubeIDE_1.16.0/STM32CubeIDE/plugins/com.st.stm32cube.ide.mcu.externaltools.gnu-tools-for-stm32.12.3.rel1.win32_1.0.200.202406191623/tools/bin/../lib/gcc/arm-none-eabi/12.3.1/../../../../arm-none-eabi/lib/thumb/v7e-m+fp/hard\libc_nano.a(libc_a-wsetup.o)
                0x0800937c                __swsetup_r
 .text.memset   0x08009428       0x10 C:/ST/STM32CubeIDE_1.16.0/STM32CubeIDE/plugins/com.st.stm32cube.ide.mcu.externaltools.gnu-tools-for-stm32.12.3.rel1.win32_1.0.200.202406191623/tools/bin/../lib/gcc/arm-none-eabi/12.3.1/../../../../arm-none-eabi/lib/thumb/v7e-m+fp/hard\libc_nano.a(libc_a-memset.o)
                0x08009428                memset
 .text._close_r
                0x08009438       0x20 C:/ST/STM32CubeIDE_1.16.0/STM32CubeIDE/plugins/com.st.stm32cube.ide.mcu.externaltools.gnu-tools-for-stm32.12.3.rel1.win32_1.0.200.202406191623/tools/bin/../lib/gcc/arm-none-eabi/12.3.1/../../../../arm-none-eabi/lib/thumb/v7e-m+fp/hard\libc_nano.a(libc_a-closer.o)
                0x08009438                _close_r
 .text._lseek_r
                0x08009458       0x24 C:/ST/STM32CubeIDE_1.16.0/STM32CubeIDE/plugins/com.st.stm32cube.ide.mcu.externaltools.gnu-tools-for-stm32.12.3.rel1.win32_1.0.200.202406191623/tools/bin/../lib/gcc/arm-none-eabi/12.3.1/../../../../arm-none-eabi/lib/thumb/v7e-m+fp/hard\libc_nano.a(libc_a-lseekr.o)
                0x08009458                _lseek_r
 .text._read_r  0x0800947c       0x24 C:/ST/STM32CubeIDE_1.16.0/STM32CubeIDE/plugins/com.st.stm32cube.ide.mcu.externaltools.gnu-tools-for-stm32.12.3.rel1.win32_1.0.200.202406191623/tools/bin/../lib/gcc/arm-none-eabi/12.3.1/../../../../arm-none-eabi/lib/thumb/v7e-m+fp/hard\libc_nano.a(libc_a-readr.o)
                0x0800947c                _read_r
 .text._sbrk_r  0x080094a0       0x20 C:/ST/STM32CubeIDE_1.16.0/STM32CubeIDE/plugins/com.st.stm32cube.ide.mcu.externaltools.gnu-tools-for-stm32.12.3.rel1.win32_1.0.200.202406191623/tools/bin/../lib/gcc/arm-none-eabi/12.3.1/../../../../arm-none-eabi/lib/thumb/v7e-m+fp/hard\libc_nano.a(libc_a-sbrkr.o)
                0x080094a0                _sbrk_r
 .text._write_r
                0x080094c0       0x24 C:/ST/STM32CubeIDE_1.16.0/STM32CubeIDE/plugins/com.st.stm32cube.ide.mcu.externaltools.gnu-tools-for-stm32.12.3.rel1.win32_1.0.200.202406191623/tools/bin/../lib/gcc/arm-none-eabi/12.3.1/../../../../arm-none-eabi/lib/thumb/v7e-m+fp/hard\libc_nano.a(libc_a-writer.o)
                0x080094c0                _write_r
 .text.__errno  0x080094e4        0xc C:/ST/STM32CubeIDE_1.16.0/STM32CubeIDE/plugins/com.st.stm32cube.ide.mcu.externaltools.gnu-tools-for-stm32.12.3.rel1.win32_1.0.200.202406191623/tools/bin/../lib/gcc/arm-none-eabi/12.3.1/../../../../arm-none-eabi/lib/thumb/v7e-m+fp/hard\libc_nano.a(libc_a-errno.o)
                0x080094e4                __errno
 .text.__libc_init_array
                0x080094f0       0x48 C:/ST/STM32CubeIDE_1.16.0/STM32CubeIDE/plugins/com.st.stm32cube.ide.mcu.externaltools.gnu-tools-for-stm32.12.3.rel1.win32_1.0.200.202406191623/tools/bin/../lib/gcc/arm-none-eabi/12.3.1/../../../../arm-none-eabi/lib/thumb/v7e-m+fp/hard\libc_nano.a(libc_a-init.o)
                0x080094f0                __libc_init_array
 .text.__retarget_lock_init_recursive
                0x08009538        0x2 C:/ST/STM32CubeIDE_1.16.0/STM32CubeIDE/plugins/com.st.stm32cube.ide.mcu.externaltools.gnu-tools-for-stm32.12.3.rel1.win32_1.0.200.202406191623/tools/bin/../lib/gcc/arm-none-eabi/12.3.1/../../../../arm-none-eabi/lib/thumb/v7e-m+fp/hard\libc_nano.a(libc_a-lock.o)
                0x08009538                __retarget_lock_init_recursive
 .text.__retarget_lock_acquire_recursive
                0x0800953a        0x2 C:/ST/STM32CubeIDE_1.16.0/STM32CubeIDE/plugins/com.st.stm32cube.ide.mcu.externaltools.gnu-tools-for-stm32.12.3.rel1.win32_1.0.200.202406191623/tools/bin/../lib/gcc/arm-none-eabi/12.3.1/../../../../arm-none-eabi/lib/thumb/v7e-m+fp/hard\libc_nano.a(libc_a-lock.o)
                0x0800953a                __retarget_lock_acquire_recursive
 .text.__retarget_lock_release_recursive
                0x0800953c        0x2 C:/ST/STM32CubeIDE_1.16.0/STM32CubeIDE/plugins/com.st.stm32cube.ide.mcu.externaltools.gnu-tools-for-stm32.12.3.rel1.win32_1.0.200.202406191623/tools/bin/../lib/gcc/arm-none-eabi/12.3.1/../../../../arm-none-eabi/lib/thumb/v7e-m+fp/hard\libc_nano.a(libc_a-lock.o)
                0x0800953c                __retarget_lock_release_recursive
 *fill*         0x0800953e        0x2 
 .text._free_r  0x08009540       0x94 C:/ST/STM32CubeIDE_1.16.0/STM32CubeIDE/plugins/com.st.stm32cube.ide.mcu.externaltools.gnu-tools-for-stm32.12.3.rel1.win32_1.0.200.202406191623/tools/bin/../lib/gcc/arm-none-eabi/12.3.1/../../../../arm-none-eabi/lib/thumb/v7e-m+fp/hard\libc_nano.a(libc_a-freer.o)
                0x08009540                _free_r
 .text.__sfputc_r
                0x080095d4       0x2e C:/ST/STM32CubeIDE_1.16.0/STM32CubeIDE/plugins/com.st.stm32cube.ide.mcu.externaltools.gnu-tools-for-stm32.12.3.rel1.win32_1.0.200.202406191623/tools/bin/../lib/gcc/arm-none-eabi/12.3.1/../../../../arm-none-eabi/lib/thumb/v7e-m+fp/hard\libc_nano.a(libc_a-nano-vfprintf.o)
 .text.__sfputs_r
                0x08009602       0x24 C:/ST/STM32CubeIDE_1.16.0/STM32CubeIDE/plugins/com.st.stm32cube.ide.mcu.externaltools.gnu-tools-for-stm32.12.3.rel1.win32_1.0.200.202406191623/tools/bin/../lib/gcc/arm-none-eabi/12.3.1/../../../../arm-none-eabi/lib/thumb/v7e-m+fp/hard\libc_nano.a(libc_a-nano-vfprintf.o)
                0x08009602                __sfputs_r
 *fill*         0x08009626        0x2 
 .text._vfprintf_r
                0x08009628      0x230 C:/ST/STM32CubeIDE_1.16.0/STM32CubeIDE/plugins/com.st.stm32cube.ide.mcu.externaltools.gnu-tools-for-stm32.12.3.rel1.win32_1.0.200.202406191623/tools/bin/../lib/gcc/arm-none-eabi/12.3.1/../../../../arm-none-eabi/lib/thumb/v7e-m+fp/hard\libc_nano.a(libc_a-nano-vfprintf.o)
                0x08009628                _vfprintf_r
                0x08009628                _vfiprintf_r
 .text._printf_common
                0x08009858       0xda C:/ST/STM32CubeIDE_1.16.0/STM32CubeIDE/plugins/com.st.stm32cube.ide.mcu.externaltools.gnu-tools-for-stm32.12.3.rel1.win32_1.0.200.202406191623/tools/bin/../lib/gcc/arm-none-eabi/12.3.1/../../../../arm-none-eabi/lib/thumb/v7e-m+fp/hard\libc_nano.a(libc_a-nano-vfprintf_i.o)
                0x08009858                _printf_common
 *fill*         0x08009932        0x2 
 .text._printf_i
                0x08009934      0x240 C:/ST/STM32CubeIDE_1.16.0/STM32CubeIDE/plugins/com.st.stm32cube.ide.mcu.externaltools.gnu-tools-for-stm32.12.3.rel1.win32_1.0.200.202406191623/tools/bin/../lib/gcc/arm-none-eabi/12.3.1/../../../../arm-none-eabi/lib/thumb/v7e-m+fp/hard\libc_nano.a(libc_a-nano-vfprintf_i.o)
                0x08009934                _printf_i
 .text.__sflush_r
                0x08009b74      0x108 C:/ST/STM32CubeIDE_1.16.0/STM32CubeIDE/plugins/com.st.stm32cube.ide.mcu.externaltools.gnu-tools-for-stm32.12.3.rel1.win32_1.0.200.202406191623/tools/bin/../lib/gcc/arm-none-eabi/12.3.1/../../../../arm-none-eabi/lib/thumb/v7e-m+fp/hard\libc_nano.a(libc_a-fflush.o)
                0x08009b74                __sflush_r
 .text._fflush_r
                0x08009c7c       0x50 C:/ST/STM32CubeIDE_1.16.0/STM32CubeIDE/plugins/com.st.stm32cube.ide.mcu.externaltools.gnu-tools-for-stm32.12.3.rel1.win32_1.0.200.202406191623/tools/bin/../lib/gcc/arm-none-eabi/12.3.1/../../../../arm-none-eabi/lib/thumb/v7e-m+fp/hard\libc_nano.a(libc_a-fflush.o)
                0x08009c7c                _fflush_r
 .text.__swhatbuf_r
                0x08009ccc       0x4c C:/ST/STM32CubeIDE_1.16.0/STM32CubeIDE/plugins/com.st.stm32cube.ide.mcu.externaltools.gnu-tools-for-stm32.12.3.rel1.win32_1.0.200.202406191623/tools/bin/../lib/gcc/arm-none-eabi/12.3.1/../../../../arm-none-eabi/lib/thumb/v7e-m+fp/hard\libc_nano.a(libc_a-makebuf.o)
                0x08009ccc                __swhatbuf_r
 .text.__smakebuf_r
                0x08009d18       0x78 C:/ST/STM32CubeIDE_1.16.0/STM32CubeIDE/plugins/com.st.stm32cube.ide.mcu.externaltools.gnu-tools-for-stm32.12.3.rel1.win32_1.0.200.202406191623/tools/bin/../lib/gcc/arm-none-eabi/12.3.1/../../../../arm-none-eabi/lib/thumb/v7e-m+fp/hard\libc_nano.a(libc_a-makebuf.o)
                0x08009d18                __smakebuf_r
 .text._fstat_r
                0x08009d90       0x24 C:/ST/STM32CubeIDE_1.16.0/STM32CubeIDE/plugins/com.st.stm32cube.ide.mcu.externaltools.gnu-tools-for-stm32.12.3.rel1.win32_1.0.200.202406191623/tools/bin/../lib/gcc/arm-none-eabi/12.3.1/../../../../arm-none-eabi/lib/thumb/v7e-m+fp/hard\libc_nano.a(libc_a-fstatr.o)
                0x08009d90                _fstat_r
 .text._isatty_r
                0x08009db4       0x20 C:/ST/STM32CubeIDE_1.16.0/STM32CubeIDE/plugins/com.st.stm32cube.ide.mcu.externaltools.gnu-tools-for-stm32.12.3.rel1.win32_1.0.200.202406191623/tools/bin/../lib/gcc/arm-none-eabi/12.3.1/../../../../arm-none-eabi/lib/thumb/v7e-m+fp/hard\libc_nano.a(libc_a-isattyr.o)
                0x08009db4                _isatty_r
 .text.expf     0x08009dd4       0x6c C:/ST/STM32CubeIDE_1.16.0/STM32CubeIDE/plugins/com.st.stm32cube.ide.mcu.externaltools.gnu-tools-for-stm32.12.3.rel1.win32_1.0.200.202406191623/tools/bin/../lib/gcc/arm-none-eabi/12.3.1/../../../../arm-none-eabi/lib/thumb/v7e-m+fp/hard\libm.a(libm_a-wf_exp.o)
                0x08009dd4                expf
 .text.finitef  0x08009e40       0x14 C:/ST/STM32CubeIDE_1.16.0/STM32CubeIDE/plugins/com.st.stm32cube.ide.mcu.externaltools.gnu-tools-for-stm32.12.3.rel1.win32_1.0.200.202406191623/tools/bin/../lib/gcc/arm-none-eabi/12.3.1/../../../../arm-none-eabi/lib/thumb/v7e-m+fp/hard\libm.a(libm_a-sf_finite.o)
                0x08009e40                finitef
 .text.with_errnof
                0x08009e54       0x1c C:/ST/STM32CubeIDE_1.16.0/STM32CubeIDE/plugins/com.st.stm32cube.ide.mcu.externaltools.gnu-tools-for-stm32.12.3.rel1.win32_1.0.200.202406191623/tools/bin/../lib/gcc/arm-none-eabi/12.3.1/../../../../arm-none-eabi/lib/thumb/v7e-m+fp/hard\libm.a(libm_a-math_errf.o)
 .text.xflowf   0x08009e70       0x16 C:/ST/STM32CubeIDE_1.16.0/STM32CubeIDE/plugins/com.st.stm32cube.ide.mcu.externaltools.gnu-tools-for-stm32.12.3.rel1.win32_1.0.200.202406191623/tools/bin/../lib/gcc/arm-none-eabi/12.3.1/../../../../arm-none-eabi/lib/thumb/v7e-m+fp/hard\libm.a(libm_a-math_errf.o)
 *fill*         0x08009e86        0x2 
 .text.__math_uflowf
                0x08009e88        0xc C:/ST/STM32CubeIDE_1.16.0/STM32CubeIDE/plugins/com.st.stm32cube.ide.mcu.externaltools.gnu-tools-for-stm32.12.3.rel1.win32_1.0.200.202406191623/tools/bin/../lib/gcc/arm-none-eabi/12.3.1/../../../../arm-none-eabi/lib/thumb/v7e-m+fp/hard\libm.a(libm_a-math_errf.o)
                0x08009e88                __math_uflowf
 .text.__math_oflowf
                0x08009e94        0xc C:/ST/STM32CubeIDE_1.16.0/STM32CubeIDE/plugins/com.st.stm32cube.ide.mcu.externaltools.gnu-tools-for-stm32.12.3.rel1.win32_1.0.200.202406191623/tools/bin/../lib/gcc/arm-none-eabi/12.3.1/../../../../arm-none-eabi/lib/thumb/v7e-m+fp/hard\libm.a(libm_a-math_errf.o)
                0x08009e94                __math_oflowf
 .text.__ieee754_expf
                0x08009ea0      0x19c C:/ST/STM32CubeIDE_1.16.0/STM32CubeIDE/plugins/com.st.stm32cube.ide.mcu.externaltools.gnu-tools-for-stm32.12.3.rel1.win32_1.0.200.202406191623/tools/bin/../lib/gcc/arm-none-eabi/12.3.1/../../../../arm-none-eabi/lib/thumb/v7e-m+fp/hard\libm.a(libm_a-ef_exp.o)
                0x08009ea0                __ieee754_expf
 .text._close   0x0800a03c       0x10 C:/ST/STM32CubeIDE_1.16.0/STM32CubeIDE/plugins/com.st.stm32cube.ide.mcu.externaltools.gnu-tools-for-stm32.12.3.rel1.win32_1.0.200.202406191623/tools/bin/../lib/gcc/arm-none-eabi/12.3.1/../../../../arm-none-eabi/lib/thumb/v7e-m+fp/hard\libnosys.a(close.o)
                0x0800a03c                _close
 .text._fstat   0x0800a04c       0x10 C:/ST/STM32CubeIDE_1.16.0/STM32CubeIDE/plugins/com.st.stm32cube.ide.mcu.externaltools.gnu-tools-for-stm32.12.3.rel1.win32_1.0.200.202406191623/tools/bin/../lib/gcc/arm-none-eabi/12.3.1/../../../../arm-none-eabi/lib/thumb/v7e-m+fp/hard\libnosys.a(fstat.o)
                0x0800a04c                _fstat
 .text._isatty  0x0800a05c       0x10 C:/ST/STM32CubeIDE_1.16.0/STM32CubeIDE/plugins/com.st.stm32cube.ide.mcu.externaltools.gnu-tools-for-stm32.12.3.rel1.win32_1.0.200.202406191623/tools/bin/../lib/gcc/arm-none-eabi/12.3.1/../../../../arm-none-eabi/lib/thumb/v7e-m+fp/hard\libnosys.a(isatty.o)
                0x0800a05c                _isatty
 .text._lseek   0x0800a06c       0x10 C:/ST/STM32CubeIDE_1.16.0/STM32CubeIDE/plugins/com.st.stm32cube.ide.mcu.externaltools.gnu-tools-for-stm32.12.3.rel1.win32_1.0.200.202406191623/tools/bin/../lib/gcc/arm-none-eabi/12.3.1/../../../../arm-none-eabi/lib/thumb/v7e-m+fp/hard\libnosys.a(lseek.o)
                0x0800a06c                _lseek
 .text._read    0x0800a07c       0x10 C:/ST/STM32CubeIDE_1.16.0/STM32CubeIDE/plugins/com.st.stm32cube.ide.mcu.externaltools.gnu-tools-for-stm32.12.3.rel1.win32_1.0.200.202406191623/tools/bin/../lib/gcc/arm-none-eabi/12.3.1/../../../../arm-none-eabi/lib/thumb/v7e-m+fp/hard\libnosys.a(read.o)
                0x0800a07c                _read
 .text._write   0x0800a08c       0x10 C:/ST/STM32CubeIDE_1.16.0/STM32CubeIDE/plugins/com.st.stm32cube.ide.mcu.externaltools.gnu-tools-for-stm32.12.3.rel1.win32_1.0.200.202406191623/tools/bin/../lib/gcc/arm-none-eabi/12.3.1/../../../../arm-none-eabi/lib/thumb/v7e-m+fp/hard\libnosys.a(write.o)
                0x0800a08c                _write
 *(.glue_7)
 .glue_7        0x0800a09c        0x0 linker stubs
 *(.glue_7t)
 .glue_7t       0x0800a09c        0x0 linker stubs
 *(.eh_frame)
 .eh_frame      0x0800a09c        0x0 C:/ST/STM32CubeIDE_1.16.0/STM32CubeIDE/plugins/com.st.stm32cube.ide.mcu.externaltools.gnu-tools-for-stm32.12.3.rel1.win32_1.0.200.202406191623/tools/bin/../lib/gcc/arm-none-eabi/12.3.1/thumb/v7e-m+fp/hard/crtbegin.o
 *(.init)
 .init          0x0800a09c        0x4 C:/ST/STM32CubeIDE_1.16.0/STM32CubeIDE/plugins/com.st.stm32cube.ide.mcu.externaltools.gnu-tools-for-stm32.12.3.rel1.win32_1.0.200.202406191623/tools/bin/../lib/gcc/arm-none-eabi/12.3.1/thumb/v7e-m+fp/hard/crti.o
                0x0800a09c                _init
 .init          0x0800a0a0        0x8 C:/ST/STM32CubeIDE_1.16.0/STM32CubeIDE/plugins/com.st.stm32cube.ide.mcu.externaltools.gnu-tools-for-stm32.12.3.rel1.win32_1.0.200.202406191623/tools/bin/../lib/gcc/arm-none-eabi/12.3.1/thumb/v7e-m+fp/hard/crtn.o
 *(.fini)
 .fini          0x0800a0a8        0x4 C:/ST/STM32CubeIDE_1.16.0/STM32CubeIDE/plugins/com.st.stm32cube.ide.mcu.externaltools.gnu-tools-for-stm32.12.3.rel1.win32_1.0.200.202406191623/tools/bin/../lib/gcc/arm-none-eabi/12.3.1/thumb/v7e-m+fp/hard/crti.o
                0x0800a0a8                _fini
 .fini          0x0800a0ac        0x8 C:/ST/STM32CubeIDE_1.16.0/STM32CubeIDE/plugins/com.st.stm32cube.ide.mcu.externaltools.gnu-tools-for-stm32.12.3.rel1.win32_1.0.200.202406191623/tools/bin/../lib/gcc/arm-none-eabi/12.3.1/thumb/v7e-m+fp/hard/crtn.o
                0x0800a0b4                        . = ALIGN (0x4)
                0x0800a0b4                        _etext = .

.vfp11_veneer   0x0800a0b4        0x0
 .vfp11_veneer  0x0800a0b4        0x0 linker stubs

.v4_bx          0x0800a0b4        0x0
 .v4_bx         0x0800a0b4        0x0 linker stubs

.iplt           0x0800a0b4        0x0
 .iplt          0x0800a0b4        0x0 C:/ST/STM32CubeIDE_1.16.0/STM32CubeIDE/plugins/com.st.stm32cube.ide.mcu.externaltools.gnu-tools-for-stm32.12.3.rel1.win32_1.0.200.202406191623/tools/bin/../lib/gcc/arm-none-eabi/12.3.1/thumb/v7e-m+fp/hard/crtbegin.o

.rodata         0x0800a0c0     0x3f84
                0x0800a0c0                        . = ALIGN (0x4)
 *(.rodata)
 .rodata        0x0800a0c0      0x1a3 ./X-CUBE-AI/App/app_x-cube-ai.o
 *fill*         0x0800a263        0x1 
 .rodata        0x0800a264       0x30 ./X-CUBE-AI/App/machine_failures_data.o
 *(.rodata*)
 .rodata.AHBPrescTable
                0x0800a294       0x10 ./Core/Src/system_stm32l4xx.o
                0x0800a294                AHBPrescTable
 .rodata.APBPrescTable
                0x0800a2a4        0x8 ./Core/Src/system_stm32l4xx.o
                0x0800a2a4                APBPrescTable
 .rodata.MSIRangeTable
                0x0800a2ac       0x30 ./Core/Src/system_stm32l4xx.o
                0x0800a2ac                MSIRangeTable
 .rodata.UARTPrescTable
                0x0800a2dc       0x18 ./Drivers/STM32L4xx_HAL_Driver/Src/stm32l4xx_hal_uart.o
                0x0800a2dc                UARTPrescTable
 .rodata.numerator.1
                0x0800a2f4        0x8 ./Drivers/STM32L4xx_HAL_Driver/Src/stm32l4xx_hal_uart_ex.o
 .rodata.denominator.0
                0x0800a2fc        0x8 ./Drivers/STM32L4xx_HAL_Driver/Src/stm32l4xx_hal_uart_ex.o
 .rodata.dense_78_chain
                0x0800a304        0x8 ./X-CUBE-AI/App/machine_failures.o
 .rodata.dense_78_dense_chain
                0x0800a30c        0x8 ./X-CUBE-AI/App/machine_failures.o
 .rodata.dense_77_chain
                0x0800a314        0x8 ./X-CUBE-AI/App/machine_failures.o
 .rodata.dense_77_dense_chain
                0x0800a31c        0x8 ./X-CUBE-AI/App/machine_failures.o
 .rodata.dense_76_chain
                0x0800a324        0x8 ./X-CUBE-AI/App/machine_failures.o
 .rodata.dense_76_dense_chain
                0x0800a32c        0x8 ./X-CUBE-AI/App/machine_failures.o
 .rodata.dense_75_chain
                0x0800a334        0x8 ./X-CUBE-AI/App/machine_failures.o
 .rodata.dense_75_dense_chain
                0x0800a33c        0x8 ./X-CUBE-AI/App/machine_failures.o
 *fill*         0x0800a344       0x1c 
 .rodata.s_machine_failures_weights_array_u64
                0x0800a360     0x3c98 ./X-CUBE-AI/App/machine_failures_data_params.o
                0x0800a360                s_machine_failures_weights_array_u64
 .rodata._vfprintf_r.str1.1
                0x0800dff8       0x11 C:/ST/STM32CubeIDE_1.16.0/STM32CubeIDE/plugins/com.st.stm32cube.ide.mcu.externaltools.gnu-tools-for-stm32.12.3.rel1.win32_1.0.200.202406191623/tools/bin/../lib/gcc/arm-none-eabi/12.3.1/../../../../arm-none-eabi/lib/thumb/v7e-m+fp/hard\libc_nano.a(libc_a-nano-vfprintf.o)
 .rodata._printf_i.str1.1
                0x0800e009       0x22 C:/ST/STM32CubeIDE_1.16.0/STM32CubeIDE/plugins/com.st.stm32cube.ide.mcu.externaltools.gnu-tools-for-stm32.12.3.rel1.win32_1.0.200.202406191623/tools/bin/../lib/gcc/arm-none-eabi/12.3.1/../../../../arm-none-eabi/lib/thumb/v7e-m+fp/hard\libc_nano.a(libc_a-nano-vfprintf_i.o)
 *fill*         0x0800e02b        0x1 
 .rodata.ln2LO  0x0800e02c        0x8 C:/ST/STM32CubeIDE_1.16.0/STM32CubeIDE/plugins/com.st.stm32cube.ide.mcu.externaltools.gnu-tools-for-stm32.12.3.rel1.win32_1.0.200.202406191623/tools/bin/../lib/gcc/arm-none-eabi/12.3.1/../../../../arm-none-eabi/lib/thumb/v7e-m+fp/hard\libm.a(libm_a-ef_exp.o)
 .rodata.ln2HI  0x0800e034        0x8 C:/ST/STM32CubeIDE_1.16.0/STM32CubeIDE/plugins/com.st.stm32cube.ide.mcu.externaltools.gnu-tools-for-stm32.12.3.rel1.win32_1.0.200.202406191623/tools/bin/../lib/gcc/arm-none-eabi/12.3.1/../../../../arm-none-eabi/lib/thumb/v7e-m+fp/hard\libm.a(libm_a-ef_exp.o)
 .rodata.halF   0x0800e03c        0x8 C:/ST/STM32CubeIDE_1.16.0/STM32CubeIDE/plugins/com.st.stm32cube.ide.mcu.externaltools.gnu-tools-for-stm32.12.3.rel1.win32_1.0.200.202406191623/tools/bin/../lib/gcc/arm-none-eabi/12.3.1/../../../../arm-none-eabi/lib/thumb/v7e-m+fp/hard\libm.a(libm_a-ef_exp.o)
                0x0800e044                        . = ALIGN (0x4)

.ARM.extab      0x0800e044        0x0
                0x0800e044                        . = ALIGN (0x4)
 *(.ARM.extab* .gnu.linkonce.armextab.*)
                0x0800e044                        . = ALIGN (0x4)

.ARM            0x0800e044        0x8
                0x0800e044                        . = ALIGN (0x4)
                0x0800e044                        __exidx_start = .
 *(.ARM.exidx*)
 .ARM.exidx     0x0800e044        0x8 C:/ST/STM32CubeIDE_1.16.0/STM32CubeIDE/plugins/com.st.stm32cube.ide.mcu.externaltools.gnu-tools-for-stm32.12.3.rel1.win32_1.0.200.202406191623/tools/bin/../lib/gcc/arm-none-eabi/12.3.1/../../../../arm-none-eabi/lib/thumb/v7e-m+fp/hard\libc_nano.a(libc_a-memchr.o)
 .ARM.exidx     0x0800e04c        0x0 C:/ST/STM32CubeIDE_1.16.0/STM32CubeIDE/plugins/com.st.stm32cube.ide.mcu.externaltools.gnu-tools-for-stm32.12.3.rel1.win32_1.0.200.202406191623/tools/bin/../lib/gcc/arm-none-eabi/12.3.1/thumb/v7e-m+fp/hard\libgcc.a(_udivmoddi4.o)
                                  0x8 (size before relaxing)
                0x0800e04c                        __exidx_end = .
                0x0800e04c                        . = ALIGN (0x4)

.preinit_array  0x0800e04c        0x0
                0x0800e04c                        . = ALIGN (0x4)
                0x0800e04c                        PROVIDE (__preinit_array_start = .)
 *(.preinit_array*)
                0x0800e04c                        PROVIDE (__preinit_array_end = .)
                0x0800e04c                        . = ALIGN (0x4)

.init_array     0x0800e04c        0x4
                0x0800e04c                        . = ALIGN (0x4)
                0x0800e04c                        PROVIDE (__init_array_start = .)
 *(SORT_BY_NAME(.init_array.*))
 *(.init_array*)
 .init_array    0x0800e04c        0x4 C:/ST/STM32CubeIDE_1.16.0/STM32CubeIDE/plugins/com.st.stm32cube.ide.mcu.externaltools.gnu-tools-for-stm32.12.3.rel1.win32_1.0.200.202406191623/tools/bin/../lib/gcc/arm-none-eabi/12.3.1/thumb/v7e-m+fp/hard/crtbegin.o
                0x0800e050                        PROVIDE (__init_array_end = .)
                0x0800e050                        . = ALIGN (0x4)

.fini_array     0x0800e050        0x4
                0x0800e050                        . = ALIGN (0x4)
                [!provide]                        PROVIDE (__fini_array_start = .)
 *(SORT_BY_NAME(.fini_array.*))
 *(.fini_array*)
 .fini_array    0x0800e050        0x4 C:/ST/STM32CubeIDE_1.16.0/STM32CubeIDE/plugins/com.st.stm32cube.ide.mcu.externaltools.gnu-tools-for-stm32.12.3.rel1.win32_1.0.200.202406191623/tools/bin/../lib/gcc/arm-none-eabi/12.3.1/thumb/v7e-m+fp/hard/crtbegin.o
                [!provide]                        PROVIDE (__fini_array_end = .)
                0x0800e054                        . = ALIGN (0x4)
                0x0800e054                        _sidata = LOADADDR (.data)

.rel.dyn        0x0800e054        0x0
 .rel.iplt      0x0800e054        0x0 C:/ST/STM32CubeIDE_1.16.0/STM32CubeIDE/plugins/com.st.stm32cube.ide.mcu.externaltools.gnu-tools-for-stm32.12.3.rel1.win32_1.0.200.202406191623/tools/bin/../lib/gcc/arm-none-eabi/12.3.1/thumb/v7e-m+fp/hard/crtbegin.o

.data           0x20000000      0x980 load address 0x0800e054
                0x20000000                        . = ALIGN (0x4)
                0x20000000                        _sdata = .
 *(.data)
 *(.data*)
 .data.SystemCoreClock
                0x20000000        0x4 ./Core/Src/system_stm32l4xx.o
                0x20000000                SystemCoreClock
 .data.uwTickPrio
                0x20000004        0x4 ./Drivers/STM32L4xx_HAL_Driver/Src/stm32l4xx_hal.o
                0x20000004                uwTickPrio
 .data.uwTickFreq
                0x20000008        0x1 ./Drivers/STM32L4xx_HAL_Driver/Src/stm32l4xx_hal.o
                0x20000008                uwTickFreq
 *fill*         0x20000009        0x3 
 .data.data_activations0
                0x2000000c        0x4 ./X-CUBE-AI/App/app_x-cube-ai.o
                0x2000000c                data_activations0
 .data.input_layer_20_output_array
                0x20000010       0x10 ./X-CUBE-AI/App/machine_failures.o
 .data.dense_75_dense_output_array
                0x20000020       0x10 ./X-CUBE-AI/App/machine_failures.o
 .data.dense_75_output_array
                0x20000030       0x10 ./X-CUBE-AI/App/machine_failures.o
 .data.dense_76_dense_output_array
                0x20000040       0x10 ./X-CUBE-AI/App/machine_failures.o
 .data.dense_76_output_array
                0x20000050       0x10 ./X-CUBE-AI/App/machine_failures.o
 .data.dense_77_dense_output_array
                0x20000060       0x10 ./X-CUBE-AI/App/machine_failures.o
 .data.dense_77_output_array
                0x20000070       0x10 ./X-CUBE-AI/App/machine_failures.o
 .data.dense_78_dense_output_array
                0x20000080       0x10 ./X-CUBE-AI/App/machine_failures.o
 .data.dense_78_output_array
                0x20000090       0x10 ./X-CUBE-AI/App/machine_failures.o
 .data.dense_75_dense_weights_array
                0x200000a0       0x10 ./X-CUBE-AI/App/machine_failures.o
 .data.dense_75_dense_bias_array
                0x200000b0       0x10 ./X-CUBE-AI/App/machine_failures.o
 .data.dense_76_dense_weights_array
                0x200000c0       0x10 ./X-CUBE-AI/App/machine_failures.o
 .data.dense_76_dense_bias_array
                0x200000d0       0x10 ./X-CUBE-AI/App/machine_failures.o
 .data.dense_77_dense_weights_array
                0x200000e0       0x10 ./X-CUBE-AI/App/machine_failures.o
 .data.dense_77_dense_bias_array
                0x200000f0       0x10 ./X-CUBE-AI/App/machine_failures.o
 .data.dense_78_dense_weights_array
                0x20000100       0x10 ./X-CUBE-AI/App/machine_failures.o
 .data.dense_78_dense_bias_array
                0x20000110       0x10 ./X-CUBE-AI/App/machine_failures.o
 .data.__compound_literal.0
                0x20000120       0x10 ./X-CUBE-AI/App/machine_failures.o
 .data.__compound_literal.1
                0x20000130       0x10 ./X-CUBE-AI/App/machine_failures.o
 .data.dense_75_dense_bias
                0x20000140       0x1c ./X-CUBE-AI/App/machine_failures.o
 .data.__compound_literal.2
                0x2000015c       0x10 ./X-CUBE-AI/App/machine_failures.o
 .data.__compound_literal.3
                0x2000016c       0x10 ./X-CUBE-AI/App/machine_failures.o
 .data.dense_75_dense_output
                0x2000017c       0x1c ./X-CUBE-AI/App/machine_failures.o
 .data.__compound_literal.4
                0x20000198       0x10 ./X-CUBE-AI/App/machine_failures.o
 .data.__compound_literal.5
                0x200001a8       0x10 ./X-CUBE-AI/App/machine_failures.o
 .data.dense_75_dense_weights
                0x200001b8       0x1c ./X-CUBE-AI/App/machine_failures.o
 .data.__compound_literal.6
                0x200001d4       0x10 ./X-CUBE-AI/App/machine_failures.o
 .data.__compound_literal.7
                0x200001e4       0x10 ./X-CUBE-AI/App/machine_failures.o
 .data.dense_75_output
                0x200001f4       0x1c ./X-CUBE-AI/App/machine_failures.o
 .data.__compound_literal.8
                0x20000210       0x10 ./X-CUBE-AI/App/machine_failures.o
 .data.__compound_literal.9
                0x20000220       0x10 ./X-CUBE-AI/App/machine_failures.o
 .data.dense_76_dense_bias
                0x20000230       0x1c ./X-CUBE-AI/App/machine_failures.o
 .data.__compound_literal.10
                0x2000024c       0x10 ./X-CUBE-AI/App/machine_failures.o
 .data.__compound_literal.11
                0x2000025c       0x10 ./X-CUBE-AI/App/machine_failures.o
 .data.dense_76_dense_output
                0x2000026c       0x1c ./X-CUBE-AI/App/machine_failures.o
 .data.__compound_literal.12
                0x20000288       0x10 ./X-CUBE-AI/App/machine_failures.o
 .data.__compound_literal.13
                0x20000298       0x10 ./X-CUBE-AI/App/machine_failures.o
 .data.dense_76_dense_weights
                0x200002a8       0x1c ./X-CUBE-AI/App/machine_failures.o
 .data.__compound_literal.14
                0x200002c4       0x10 ./X-CUBE-AI/App/machine_failures.o
 .data.__compound_literal.15
                0x200002d4       0x10 ./X-CUBE-AI/App/machine_failures.o
 .data.dense_76_output
                0x200002e4       0x1c ./X-CUBE-AI/App/machine_failures.o
 .data.__compound_literal.16
                0x20000300       0x10 ./X-CUBE-AI/App/machine_failures.o
 .data.__compound_literal.17
                0x20000310       0x10 ./X-CUBE-AI/App/machine_failures.o
 .data.dense_77_dense_bias
                0x20000320       0x1c ./X-CUBE-AI/App/machine_failures.o
 .data.__compound_literal.18
                0x2000033c       0x10 ./X-CUBE-AI/App/machine_failures.o
 .data.__compound_literal.19
                0x2000034c       0x10 ./X-CUBE-AI/App/machine_failures.o
 .data.dense_77_dense_output
                0x2000035c       0x1c ./X-CUBE-AI/App/machine_failures.o
 .data.__compound_literal.20
                0x20000378       0x10 ./X-CUBE-AI/App/machine_failures.o
 .data.__compound_literal.21
                0x20000388       0x10 ./X-CUBE-AI/App/machine_failures.o
 .data.dense_77_dense_weights
                0x20000398       0x1c ./X-CUBE-AI/App/machine_failures.o
 .data.__compound_literal.22
                0x200003b4       0x10 ./X-CUBE-AI/App/machine_failures.o
 .data.__compound_literal.23
                0x200003c4       0x10 ./X-CUBE-AI/App/machine_failures.o
 .data.dense_77_output
                0x200003d4       0x1c ./X-CUBE-AI/App/machine_failures.o
 .data.__compound_literal.24
                0x200003f0       0x10 ./X-CUBE-AI/App/machine_failures.o
 .data.__compound_literal.25
                0x20000400       0x10 ./X-CUBE-AI/App/machine_failures.o
 .data.dense_78_dense_bias
                0x20000410       0x1c ./X-CUBE-AI/App/machine_failures.o
 .data.__compound_literal.26
                0x2000042c       0x10 ./X-CUBE-AI/App/machine_failures.o
 .data.__compound_literal.27
                0x2000043c       0x10 ./X-CUBE-AI/App/machine_failures.o
 .data.dense_78_dense_output
                0x2000044c       0x1c ./X-CUBE-AI/App/machine_failures.o
 .data.__compound_literal.28
                0x20000468       0x10 ./X-CUBE-AI/App/machine_failures.o
 .data.__compound_literal.29
                0x20000478       0x10 ./X-CUBE-AI/App/machine_failures.o
 .data.dense_78_dense_weights
                0x20000488       0x1c ./X-CUBE-AI/App/machine_failures.o
 .data.__compound_literal.30
                0x200004a4       0x10 ./X-CUBE-AI/App/machine_failures.o
 .data.__compound_literal.31
                0x200004b4       0x10 ./X-CUBE-AI/App/machine_failures.o
 .data.dense_78_output
                0x200004c4       0x1c ./X-CUBE-AI/App/machine_failures.o
 .data.__compound_literal.32
                0x200004e0       0x10 ./X-CUBE-AI/App/machine_failures.o
 .data.__compound_literal.33
                0x200004f0       0x10 ./X-CUBE-AI/App/machine_failures.o
 .data.input_layer_20_output
                0x20000500       0x1c ./X-CUBE-AI/App/machine_failures.o
 .data.__compound_literal.34
                0x2000051c        0x4 ./X-CUBE-AI/App/machine_failures.o
 .data.__compound_literal.35
                0x20000520        0x4 ./X-CUBE-AI/App/machine_failures.o
 .data.__compound_literal.38
                0x20000524       0x30 ./X-CUBE-AI/App/machine_failures.o
 .data.dense_78_layer
                0x20000554       0x24 ./X-CUBE-AI/App/machine_failures.o
 .data.__compound_literal.39
                0x20000578        0x4 ./X-CUBE-AI/App/machine_failures.o
 .data.__compound_literal.40
                0x2000057c        0x4 ./X-CUBE-AI/App/machine_failures.o
 .data.__compound_literal.41
                0x20000580        0x8 ./X-CUBE-AI/App/machine_failures.o
 .data.__compound_literal.43
                0x20000588       0x30 ./X-CUBE-AI/App/machine_failures.o
 .data.dense_78_dense_layer
                0x200005b8       0x1c ./X-CUBE-AI/App/machine_failures.o
 .data.__compound_literal.44
                0x200005d4        0x4 ./X-CUBE-AI/App/machine_failures.o
 .data.__compound_literal.45
                0x200005d8        0x4 ./X-CUBE-AI/App/machine_failures.o
 .data.__compound_literal.48
                0x200005dc       0x30 ./X-CUBE-AI/App/machine_failures.o
 .data.dense_77_layer
                0x2000060c       0x20 ./X-CUBE-AI/App/machine_failures.o
 .data.__compound_literal.49
                0x2000062c        0x4 ./X-CUBE-AI/App/machine_failures.o
 .data.__compound_literal.50
                0x20000630        0x4 ./X-CUBE-AI/App/machine_failures.o
 .data.__compound_literal.51
                0x20000634        0x8 ./X-CUBE-AI/App/machine_failures.o
 .data.__compound_literal.53
                0x2000063c       0x30 ./X-CUBE-AI/App/machine_failures.o
 .data.dense_77_dense_layer
                0x2000066c       0x1c ./X-CUBE-AI/App/machine_failures.o
 .data.__compound_literal.54
                0x20000688        0x4 ./X-CUBE-AI/App/machine_failures.o
 .data.__compound_literal.55
                0x2000068c        0x4 ./X-CUBE-AI/App/machine_failures.o
 .data.__compound_literal.58
                0x20000690       0x30 ./X-CUBE-AI/App/machine_failures.o
 .data.dense_76_layer
                0x200006c0       0x20 ./X-CUBE-AI/App/machine_failures.o
 .data.__compound_literal.59
                0x200006e0        0x4 ./X-CUBE-AI/App/machine_failures.o
 .data.__compound_literal.60
                0x200006e4        0x4 ./X-CUBE-AI/App/machine_failures.o
 .data.__compound_literal.61
                0x200006e8        0x8 ./X-CUBE-AI/App/machine_failures.o
 .data.__compound_literal.63
                0x200006f0       0x30 ./X-CUBE-AI/App/machine_failures.o
 .data.dense_76_dense_layer
                0x20000720       0x1c ./X-CUBE-AI/App/machine_failures.o
 .data.__compound_literal.64
                0x2000073c        0x4 ./X-CUBE-AI/App/machine_failures.o
 .data.__compound_literal.65
                0x20000740        0x4 ./X-CUBE-AI/App/machine_failures.o
 .data.__compound_literal.68
                0x20000744       0x30 ./X-CUBE-AI/App/machine_failures.o
 .data.dense_75_layer
                0x20000774       0x20 ./X-CUBE-AI/App/machine_failures.o
 .data.__compound_literal.69
                0x20000794        0x4 ./X-CUBE-AI/App/machine_failures.o
 .data.__compound_literal.70
                0x20000798        0x4 ./X-CUBE-AI/App/machine_failures.o
 .data.__compound_literal.71
                0x2000079c        0x8 ./X-CUBE-AI/App/machine_failures.o
 .data.__compound_literal.73
                0x200007a4       0x30 ./X-CUBE-AI/App/machine_failures.o
 .data.dense_75_dense_layer
                0x200007d4       0x1c ./X-CUBE-AI/App/machine_failures.o
 .data.__compound_literal.74
                0x200007f0       0x10 ./X-CUBE-AI/App/machine_failures.o
 .data.__compound_literal.75
                0x20000800       0x1c ./X-CUBE-AI/App/machine_failures.o
 .data.__compound_literal.76
                0x2000081c       0x10 ./X-CUBE-AI/App/machine_failures.o
 .data.__compound_literal.77
                0x2000082c       0x1c ./X-CUBE-AI/App/machine_failures.o
 .data.__compound_literal.78
                0x20000848        0x4 ./X-CUBE-AI/App/machine_failures.o
 .data.__compound_literal.82
                0x2000084c        0xc ./X-CUBE-AI/App/machine_failures.o
 .data.__compound_literal.83
                0x20000858        0x4 ./X-CUBE-AI/App/machine_failures.o
 .data.__compound_literal.87
                0x2000085c        0xc ./X-CUBE-AI/App/machine_failures.o
 .data.__compound_literal.88
                0x20000868       0x18 ./X-CUBE-AI/App/machine_failures.o
 .data.g_machine_failures
                0x20000880       0x4c ./X-CUBE-AI/App/machine_failures.o
 .data.__compound_literal.0
                0x200008cc       0x10 ./X-CUBE-AI/App/machine_failures_data.o
 .data.g_machine_failures_data_map_activations
                0x200008dc       0x1c ./X-CUBE-AI/App/machine_failures_data.o
                0x200008dc                g_machine_failures_data_map_activations
 .data.__compound_literal.1
                0x200008f8       0x10 ./X-CUBE-AI/App/machine_failures_data.o
 .data.g_machine_failures_data_map_weights
                0x20000908       0x1c ./X-CUBE-AI/App/machine_failures_data.o
                0x20000908                g_machine_failures_data_map_weights
 .data.__sglue  0x20000924        0xc C:/ST/STM32CubeIDE_1.16.0/STM32CubeIDE/plugins/com.st.stm32cube.ide.mcu.externaltools.gnu-tools-for-stm32.12.3.rel1.win32_1.0.200.202406191623/tools/bin/../lib/gcc/arm-none-eabi/12.3.1/../../../../arm-none-eabi/lib/thumb/v7e-m+fp/hard\libc_nano.a(libc_a-findfp.o)
                0x20000924                __sglue
 .data._impure_ptr
                0x20000930        0x4 C:/ST/STM32CubeIDE_1.16.0/STM32CubeIDE/plugins/com.st.stm32cube.ide.mcu.externaltools.gnu-tools-for-stm32.12.3.rel1.win32_1.0.200.202406191623/tools/bin/../lib/gcc/arm-none-eabi/12.3.1/../../../../arm-none-eabi/lib/thumb/v7e-m+fp/hard\libc_nano.a(libc_a-impure.o)
                0x20000930                _impure_ptr
 .data._impure_data
                0x20000934       0x4c C:/ST/STM32CubeIDE_1.16.0/STM32CubeIDE/plugins/com.st.stm32cube.ide.mcu.externaltools.gnu-tools-for-stm32.12.3.rel1.win32_1.0.200.202406191623/tools/bin/../lib/gcc/arm-none-eabi/12.3.1/../../../../arm-none-eabi/lib/thumb/v7e-m+fp/hard\libc_nano.a(libc_a-impure.o)
                0x20000934                _impure_data
 *(.RamFunc)
 *(.RamFunc*)
                0x20000980                        . = ALIGN (0x4)
                0x20000980                        _edata = .

.igot.plt       0x20000980        0x0 load address 0x0800e9d4
 .igot.plt      0x20000980        0x0 C:/ST/STM32CubeIDE_1.16.0/STM32CubeIDE/plugins/com.st.stm32cube.ide.mcu.externaltools.gnu-tools-for-stm32.12.3.rel1.win32_1.0.200.202406191623/tools/bin/../lib/gcc/arm-none-eabi/12.3.1/thumb/v7e-m+fp/hard/crtbegin.o
                0x20000980                        . = ALIGN (0x4)

.bss            0x20000980      0xb58 load address 0x0800e9d4
                0x20000980                        _sbss = .
                0x20000980                        __bss_start__ = _sbss
 *(.bss)
 .bss           0x20000980       0x1c C:/ST/STM32CubeIDE_1.16.0/STM32CubeIDE/plugins/com.st.stm32cube.ide.mcu.externaltools.gnu-tools-for-stm32.12.3.rel1.win32_1.0.200.202406191623/tools/bin/../lib/gcc/arm-none-eabi/12.3.1/thumb/v7e-m+fp/hard/crtbegin.o
 *(.bss*)
 .bss.hi2c1     0x2000099c       0x54 ./Core/Src/main.o
                0x2000099c                hi2c1
 .bss.hsai_BlockA1
                0x200009f0       0x94 ./Core/Src/main.o
                0x200009f0                hsai_BlockA1
 .bss.hspi2     0x20000a84       0x64 ./Core/Src/main.o
                0x20000a84                hspi2
 .bss.huart2    0x20000ae8       0x94 ./Core/Src/main.o
                0x20000ae8                huart2
 .bss.huart3    0x20000b7c       0x94 ./Core/Src/main.o
                0x20000b7c                huart3
 .bss.hpcd_USB_OTG_FS
                0x20000c10      0x4e4 ./Core/Src/main.o
                0x20000c10                hpcd_USB_OTG_FS
 .bss.hsram1    0x200010f4       0x50 ./Core/Src/main.o
                0x200010f4                hsram1
 .bss.FMC_Initialized
                0x20001144        0x4 ./Core/Src/stm32l4xx_hal_msp.o
 .bss.SAI1_client
                0x20001148        0x4 ./Core/Src/stm32l4xx_hal_msp.o
 .bss.__sbrk_heap_end
                0x2000114c        0x4 ./Core/Src/sysmem.o
 .bss.uwTick    0x20001150        0x4 ./Drivers/STM32L4xx_HAL_Driver/Src/stm32l4xx_hal.o
                0x20001150                uwTick
 .bss.data_ins  0x20001154        0x4 ./X-CUBE-AI/App/app_x-cube-ai.o
                0x20001154                data_ins
 .bss.data_outs
                0x20001158        0x4 ./X-CUBE-AI/App/app_x-cube-ai.o
                0x20001158                data_outs
 *fill*         0x2000115c        0x4 
 .bss.pool0     0x20001160      0x180 ./X-CUBE-AI/App/app_x-cube-ai.o
 .bss.machine_failures
                0x200012e0        0x4 ./X-CUBE-AI/App/app_x-cube-ai.o
 .bss.ai_input  0x200012e4        0x4 ./X-CUBE-AI/App/app_x-cube-ai.o
 .bss.ai_output
                0x200012e8        0x4 ./X-CUBE-AI/App/app_x-cube-ai.o
 .bss.g_machine_failures_activations_map
                0x200012ec        0x4 ./X-CUBE-AI/App/machine_failures.o
 .bss.g_machine_failures_weights_map
                0x200012f0        0x4 ./X-CUBE-AI/App/machine_failures.o
 .bss.__compound_literal.36
                0x200012f4        0x4 ./X-CUBE-AI/App/machine_failures.o
 .bss.__compound_literal.37
                0x200012f8        0x4 ./X-CUBE-AI/App/machine_failures.o
 .bss.__compound_literal.42
                0x200012fc        0x4 ./X-CUBE-AI/App/machine_failures.o
 .bss.__compound_literal.46
                0x20001300        0x4 ./X-CUBE-AI/App/machine_failures.o
 .bss.__compound_literal.47
                0x20001304        0x4 ./X-CUBE-AI/App/machine_failures.o
 .bss.__compound_literal.52
                0x20001308        0x4 ./X-CUBE-AI/App/machine_failures.o
 .bss.__compound_literal.56
                0x2000130c        0x4 ./X-CUBE-AI/App/machine_failures.o
 .bss.__compound_literal.57
                0x20001310        0x4 ./X-CUBE-AI/App/machine_failures.o
 .bss.__compound_literal.62
                0x20001314        0x4 ./X-CUBE-AI/App/machine_failures.o
 .bss.__compound_literal.66
                0x20001318        0x4 ./X-CUBE-AI/App/machine_failures.o
 .bss.__compound_literal.67
                0x2000131c        0x4 ./X-CUBE-AI/App/machine_failures.o
 .bss.__compound_literal.72
                0x20001320        0x4 ./X-CUBE-AI/App/machine_failures.o
 .bss.__compound_literal.79
                0x20001324       0x1c ./X-CUBE-AI/App/machine_failures.o
 .bss.__compound_literal.80
                0x20001340       0x10 ./X-CUBE-AI/App/machine_failures.o
 .bss.__compound_literal.81
                0x20001350        0x8 ./X-CUBE-AI/App/machine_failures.o
 .bss.__compound_literal.84
                0x20001358       0x1c ./X-CUBE-AI/App/machine_failures.o
 .bss.__compound_literal.85
                0x20001374       0x10 ./X-CUBE-AI/App/machine_failures.o
 .bss.__compound_literal.86
                0x20001384        0x8 ./X-CUBE-AI/App/machine_failures.o
 .bss.__malloc_sbrk_start
                0x2000138c        0x4 C:/ST/STM32CubeIDE_1.16.0/STM32CubeIDE/plugins/com.st.stm32cube.ide.mcu.externaltools.gnu-tools-for-stm32.12.3.rel1.win32_1.0.200.202406191623/tools/bin/../lib/gcc/arm-none-eabi/12.3.1/../../../../arm-none-eabi/lib/thumb/v7e-m+fp/hard\libc_nano.a(libc_a-mallocr.o)
                0x2000138c                __malloc_sbrk_start
 .bss.__malloc_free_list
                0x20001390        0x4 C:/ST/STM32CubeIDE_1.16.0/STM32CubeIDE/plugins/com.st.stm32cube.ide.mcu.externaltools.gnu-tools-for-stm32.12.3.rel1.win32_1.0.200.202406191623/tools/bin/../lib/gcc/arm-none-eabi/12.3.1/../../../../arm-none-eabi/lib/thumb/v7e-m+fp/hard\libc_nano.a(libc_a-mallocr.o)
                0x20001390                __malloc_free_list
 .bss.__sf      0x20001394      0x138 C:/ST/STM32CubeIDE_1.16.0/STM32CubeIDE/plugins/com.st.stm32cube.ide.mcu.externaltools.gnu-tools-for-stm32.12.3.rel1.win32_1.0.200.202406191623/tools/bin/../lib/gcc/arm-none-eabi/12.3.1/../../../../arm-none-eabi/lib/thumb/v7e-m+fp/hard\libc_nano.a(libc_a-findfp.o)
                0x20001394                __sf
 .bss.__stdio_exit_handler
                0x200014cc        0x4 C:/ST/STM32CubeIDE_1.16.0/STM32CubeIDE/plugins/com.st.stm32cube.ide.mcu.externaltools.gnu-tools-for-stm32.12.3.rel1.win32_1.0.200.202406191623/tools/bin/../lib/gcc/arm-none-eabi/12.3.1/../../../../arm-none-eabi/lib/thumb/v7e-m+fp/hard\libc_nano.a(libc_a-findfp.o)
                0x200014cc                __stdio_exit_handler
 .bss.errno     0x200014d0        0x4 C:/ST/STM32CubeIDE_1.16.0/STM32CubeIDE/plugins/com.st.stm32cube.ide.mcu.externaltools.gnu-tools-for-stm32.12.3.rel1.win32_1.0.200.202406191623/tools/bin/../lib/gcc/arm-none-eabi/12.3.1/../../../../arm-none-eabi/lib/thumb/v7e-m+fp/hard\libc_nano.a(libc_a-reent.o)
                0x200014d0                errno
 .bss.__lock___malloc_recursive_mutex
                0x200014d4        0x1 C:/ST/STM32CubeIDE_1.16.0/STM32CubeIDE/plugins/com.st.stm32cube.ide.mcu.externaltools.gnu-tools-for-stm32.12.3.rel1.win32_1.0.200.202406191623/tools/bin/../lib/gcc/arm-none-eabi/12.3.1/../../../../arm-none-eabi/lib/thumb/v7e-m+fp/hard\libc_nano.a(libc_a-lock.o)
                0x200014d4                __lock___malloc_recursive_mutex
 .bss.__lock___sfp_recursive_mutex
                0x200014d5        0x1 C:/ST/STM32CubeIDE_1.16.0/STM32CubeIDE/plugins/com.st.stm32cube.ide.mcu.externaltools.gnu-tools-for-stm32.12.3.rel1.win32_1.0.200.202406191623/tools/bin/../lib/gcc/arm-none-eabi/12.3.1/../../../../arm-none-eabi/lib/thumb/v7e-m+fp/hard\libc_nano.a(libc_a-lock.o)
                0x200014d5                __lock___sfp_recursive_mutex
 *(COMMON)
                0x200014d8                        . = ALIGN (0x4)
 *fill*         0x200014d6        0x2 
                0x200014d8                        _ebss = .
                0x200014d8                        __bss_end__ = _ebss

._user_heap_stack
                0x200014d8     0x1000 load address 0x0800e9d4
                0x200014d8                        . = ALIGN (0x8)
                [!provide]                        PROVIDE (end = .)
                0x200014d8                        PROVIDE (_end = .)
                0x20001cd8                        . = (. + _Min_Heap_Size)
 *fill*         0x200014d8      0x800 
                0x200024d8                        . = (. + _Min_Stack_Size)
 *fill*         0x20001cd8      0x800 
                0x200024d8                        . = ALIGN (0x8)

/DISCARD/
 libc.a(*)
 libm.a(*)
 libgcc.a(*)

.ARM.attributes
                0x00000000       0x30
 *(.ARM.attributes)
 .ARM.attributes
                0x00000000       0x22 C:/ST/STM32CubeIDE_1.16.0/STM32CubeIDE/plugins/com.st.stm32cube.ide.mcu.externaltools.gnu-tools-for-stm32.12.3.rel1.win32_1.0.200.202406191623/tools/bin/../lib/gcc/arm-none-eabi/12.3.1/thumb/v7e-m+fp/hard/crti.o
 .ARM.attributes
                0x00000022       0x34 C:/ST/STM32CubeIDE_1.16.0/STM32CubeIDE/plugins/com.st.stm32cube.ide.mcu.externaltools.gnu-tools-for-stm32.12.3.rel1.win32_1.0.200.202406191623/tools/bin/../lib/gcc/arm-none-eabi/12.3.1/thumb/v7e-m+fp/hard/crtbegin.o
 .ARM.attributes
                0x00000056       0x34 ./Core/Src/main.o
 .ARM.attributes
                0x0000008a       0x34 ./Core/Src/stm32l4xx_hal_msp.o
 .ARM.attributes
                0x000000be       0x34 ./Core/Src/stm32l4xx_it.o
 .ARM.attributes
                0x000000f2       0x34 ./Core/Src/sysmem.o
 .ARM.attributes
                0x00000126       0x34 ./Core/Src/system_stm32l4xx.o
 .ARM.attributes
                0x0000015a       0x21 ./Core/Startup/startup_stm32l4r9aiix.o
 .ARM.attributes
                0x0000017b       0x34 ./Drivers/STM32L4xx_HAL_Driver/Src/stm32l4xx_hal.o
 .ARM.attributes
                0x000001af       0x34 ./Drivers/STM32L4xx_HAL_Driver/Src/stm32l4xx_hal_cortex.o
 .ARM.attributes
                0x000001e3       0x34 ./Drivers/STM32L4xx_HAL_Driver/Src/stm32l4xx_hal_gpio.o
 .ARM.attributes
                0x00000217       0x34 ./Drivers/STM32L4xx_HAL_Driver/Src/stm32l4xx_hal_i2c.o
 .ARM.attributes
                0x0000024b       0x34 ./Drivers/STM32L4xx_HAL_Driver/Src/stm32l4xx_hal_i2c_ex.o
 .ARM.attributes
                0x0000027f       0x34 ./Drivers/STM32L4xx_HAL_Driver/Src/stm32l4xx_hal_pcd.o
 .ARM.attributes
                0x000002b3       0x34 ./Drivers/STM32L4xx_HAL_Driver/Src/stm32l4xx_hal_pcd_ex.o
 .ARM.attributes
                0x000002e7       0x34 ./Drivers/STM32L4xx_HAL_Driver/Src/stm32l4xx_hal_pwr_ex.o
 .ARM.attributes
                0x0000031b       0x34 ./Drivers/STM32L4xx_HAL_Driver/Src/stm32l4xx_hal_rcc.o
 .ARM.attributes
                0x0000034f       0x34 ./Drivers/STM32L4xx_HAL_Driver/Src/stm32l4xx_hal_rcc_ex.o
 .ARM.attributes
                0x00000383       0x34 ./Drivers/STM32L4xx_HAL_Driver/Src/stm32l4xx_hal_sai.o
 .ARM.attributes
                0x000003b7       0x34 ./Drivers/STM32L4xx_HAL_Driver/Src/stm32l4xx_hal_spi.o
 .ARM.attributes
                0x000003eb       0x34 ./Drivers/STM32L4xx_HAL_Driver/Src/stm32l4xx_hal_sram.o
 .ARM.attributes
                0x0000041f       0x34 ./Drivers/STM32L4xx_HAL_Driver/Src/stm32l4xx_hal_uart.o
 .ARM.attributes