../Core/Src/main.c:83:5:main	8	static
../Core/Src/main.c:136:6:SystemClock_Config	96	static
../Core/Src/main.c:188:13:MX_I2C1_Init	8	static
../Core/Src/main.c:236:13:MX_SAI1_Init	8	static
../Core/Src/main.c:289:13:MX_SPI2_Init	8	static
../Core/Src/main.c:329:13:MX_USART2_UART_Init	8	static
../Core/Src/main.c:377:13:MX_USART3_UART_Init	8	static
../Core/Src/main.c:425:13:MX_USB_OTG_FS_PCD_Init	8	static
../Core/Src/main.c:456:13:MX_FMC_Init	40	static
../Core/Src/main.c:516:13:MX_GPIO_Init	64	static
../Core/Src/main.c:754:6:Error_Handler	4	static,ignoring_inline_asm
